###############################################################################
#
# IAR ELF Linker V7.30.1.7746/W32 for ARM                 25/Apr/2016  15:05:38
# Copyright 2007-2014 IAR Systems AB.
#
#    Output file  =  
#        E:\VW_Project\MICO\SDK_MiCO_v2.4.0\Build\demo\Output\MiCOKit-3165\demo.out
#    Map file     =  
#        E:\VW_Project\MICO\SDK_MiCO_v2.4.0\Build\demo\MiCOKit-3165\list_EWARM\demo.map
#    Command line =  
#        E:\VW_Project\MICO\SDK_MiCO_v2.4.0\Build\demo\MiCOKit-3165\obj_EWARM\AESUtils.o
#        E:\VW_Project\MICO\SDK_MiCO_v2.4.0\Build\demo\MiCOKit-3165\obj_EWARM\airkiss_discovery.o
#        E:\VW_Project\MICO\SDK_MiCO_v2.4.0\Build\demo\MiCOKit-3165\obj_EWARM\apds9930.o
#        E:\VW_Project\MICO\SDK_MiCO_v2.4.0\Build\demo\MiCOKit-3165\obj_EWARM\AppUser.o
#        E:\VW_Project\MICO\SDK_MiCO_v2.4.0\Build\demo\MiCOKit-3165\obj_EWARM\arraylist.o
#        E:\VW_Project\MICO\SDK_MiCO_v2.4.0\Build\demo\MiCOKit-3165\obj_EWARM\AsciiLib.o
#        E:\VW_Project\MICO\SDK_MiCO_v2.4.0\Build\demo\MiCOKit-3165\obj_EWARM\bma2x2.o
#        E:\VW_Project\MICO\SDK_MiCO_v2.4.0\Build\demo\MiCOKit-3165\obj_EWARM\bma2x2_user.o
#        E:\VW_Project\MICO\SDK_MiCO_v2.4.0\Build\demo\MiCOKit-3165\obj_EWARM\bme280.o
#        E:\VW_Project\MICO\SDK_MiCO_v2.4.0\Build\demo\MiCOKit-3165\obj_EWARM\bme280_user.o
#        E:\VW_Project\MICO\SDK_MiCO_v2.4.0\Build\demo\MiCOKit-3165\obj_EWARM\bmg160.o
#        E:\VW_Project\MICO\SDK_MiCO_v2.4.0\Build\demo\MiCOKit-3165\obj_EWARM\bmg160_user.o
#        E:\VW_Project\MICO\SDK_MiCO_v2.4.0\Build\demo\MiCOKit-3165\obj_EWARM\bmm050.o
#        E:\VW_Project\MICO\SDK_MiCO_v2.4.0\Build\demo\MiCOKit-3165\obj_EWARM\bmm050_user.o
#        E:\VW_Project\MICO\SDK_MiCO_v2.4.0\Build\demo\MiCOKit-3165\obj_EWARM\button.o
#        E:\VW_Project\MICO\SDK_MiCO_v2.4.0\Build\demo\MiCOKit-3165\obj_EWARM\CheckSumUtils.o
#        E:\VW_Project\MICO\SDK_MiCO_v2.4.0\Build\demo\MiCOKit-3165\obj_EWARM\config_server.o
#        E:\VW_Project\MICO\SDK_MiCO_v2.4.0\Build\demo\MiCOKit-3165\obj_EWARM\config_server_menu.o
#        E:\VW_Project\MICO\SDK_MiCO_v2.4.0\Build\demo\MiCOKit-3165\obj_EWARM\crt0_EWARM.o
#        E:\VW_Project\MICO\SDK_MiCO_v2.4.0\Build\demo\MiCOKit-3165\obj_EWARM\curve25519-donna.o
#        E:\VW_Project\MICO\SDK_MiCO_v2.4.0\Build\demo\MiCOKit-3165\obj_EWARM\dc_motor.o
#        E:\VW_Project\MICO\SDK_MiCO_v2.4.0\Build\demo\MiCOKit-3165\obj_EWARM\debug.o
#        E:\VW_Project\MICO\SDK_MiCO_v2.4.0\Build\demo\MiCOKit-3165\obj_EWARM\DebugTrace.o
#        E:\VW_Project\MICO\SDK_MiCO_v2.4.0\Build\demo\MiCOKit-3165\obj_EWARM\DHT11.o
#        E:\VW_Project\MICO\SDK_MiCO_v2.4.0\Build\demo\MiCOKit-3165\obj_EWARM\GetAppExData.o
#        E:\VW_Project\MICO\SDK_MiCO_v2.4.0\Build\demo\MiCOKit-3165\obj_EWARM\hardfault.o
#        E:\VW_Project\MICO\SDK_MiCO_v2.4.0\Build\demo\MiCOKit-3165\obj_EWARM\hkdf.o
#        E:\VW_Project\MICO\SDK_MiCO_v2.4.0\Build\demo\MiCOKit-3165\obj_EWARM\hmac.o
#        E:\VW_Project\MICO\SDK_MiCO_v2.4.0\Build\demo\MiCOKit-3165\obj_EWARM\hsb2rgb_led.o
#        E:\VW_Project\MICO\SDK_MiCO_v2.4.0\Build\demo\MiCOKit-3165\obj_EWARM\hts221.o
#        E:\VW_Project\MICO\SDK_MiCO_v2.4.0\Build\demo\MiCOKit-3165\obj_EWARM\http-strings.o
#        E:\VW_Project\MICO\SDK_MiCO_v2.4.0\Build\demo\MiCOKit-3165\obj_EWARM\Http_client.o
#        E:\VW_Project\MICO\SDK_MiCO_v2.4.0\Build\demo\MiCOKit-3165\obj_EWARM\http_parse.o
#        E:\VW_Project\MICO\SDK_MiCO_v2.4.0\Build\demo\MiCOKit-3165\obj_EWARM\httpd.o
#        E:\VW_Project\MICO\SDK_MiCO_v2.4.0\Build\demo\MiCOKit-3165\obj_EWARM\httpd_handle.o
#        E:\VW_Project\MICO\SDK_MiCO_v2.4.0\Build\demo\MiCOKit-3165\obj_EWARM\httpd_ssi.o
#        E:\VW_Project\MICO\SDK_MiCO_v2.4.0\Build\demo\MiCOKit-3165\obj_EWARM\httpd_sys.o
#        E:\VW_Project\MICO\SDK_MiCO_v2.4.0\Build\demo\MiCOKit-3165\obj_EWARM\httpd_wsgi.o
#        E:\VW_Project\MICO\SDK_MiCO_v2.4.0\Build\demo\MiCOKit-3165\obj_EWARM\HTTPUtils.o
#        E:\VW_Project\MICO\SDK_MiCO_v2.4.0\Build\demo\MiCOKit-3165\obj_EWARM\infrared_reflective.o
#        E:\VW_Project\MICO\SDK_MiCO_v2.4.0\Build\demo\MiCOKit-3165\obj_EWARM\json_object.o
#        E:\VW_Project\MICO\SDK_MiCO_v2.4.0\Build\demo\MiCOKit-3165\obj_EWARM\json_tokener.o
#        E:\VW_Project\MICO\SDK_MiCO_v2.4.0\Build\demo\MiCOKit-3165\obj_EWARM\json_util.o
#        E:\VW_Project\MICO\SDK_MiCO_v2.4.0\MICO\system\easylink\airkiss_discovery\lib_airkiss\libairkiss.a
#        E:\VW_Project\MICO\SDK_MiCO_v2.4.0\MICO\system\easylink\libMFiWAC.a
#        E:\VW_Project\MICO\SDK_MiCO_v2.4.0\Build\demo\MiCOKit-3165\obj_EWARM\light_sensor.o
#        E:\VW_Project\MICO\SDK_MiCO_v2.4.0\Build\demo\MiCOKit-3165\obj_EWARM\linkhash.o
#        E:\VW_Project\MICO\SDK_MiCO_v2.4.0\Build\demo\MiCOKit-3165\obj_EWARM\LocalTcpServer.o
#        E:\VW_Project\MICO\SDK_MiCO_v2.4.0\Build\demo\MiCOKit-3165\obj_EWARM\lps25hb.o
#        E:\VW_Project\MICO\SDK_MiCO_v2.4.0\Build\demo\MiCOKit-3165\obj_EWARM\lsm9ds1_acc_gyr.o
#        E:\VW_Project\MICO\SDK_MiCO_v2.4.0\Build\demo\MiCOKit-3165\obj_EWARM\lsm9ds1_mag.o
#        E:\VW_Project\MICO\SDK_MiCO_v2.4.0\Build\demo\MiCOKit-3165\obj_EWARM\mico_cli.o
#        E:\VW_Project\MICO\SDK_MiCO_v2.4.0\Build\demo\MiCOKit-3165\obj_EWARM\mico_config.o
#        E:\VW_Project\MICO\SDK_MiCO_v2.4.0\Build\demo\MiCOKit-3165\obj_EWARM\mico_mdns.o
#        E:\VW_Project\MICO\SDK_MiCO_v2.4.0\Build\demo\MiCOKit-3165\obj_EWARM\mico_platform_common.o
#        E:\VW_Project\MICO\SDK_MiCO_v2.4.0\Build\demo\MiCOKit-3165\obj_EWARM\mico_system_init.o
#        E:\VW_Project\MICO\SDK_MiCO_v2.4.0\Build\demo\MiCOKit-3165\obj_EWARM\mico_system_monitor.o
#        E:\VW_Project\MICO\SDK_MiCO_v2.4.0\Build\demo\MiCOKit-3165\obj_EWARM\mico_system_notification.o
#        E:\VW_Project\MICO\SDK_MiCO_v2.4.0\Build\demo\MiCOKit-3165\obj_EWARM\mico_system_para_storage.o
#        E:\VW_Project\MICO\SDK_MiCO_v2.4.0\Build\demo\MiCOKit-3165\obj_EWARM\mico_system_power_daemon.o
#        E:\VW_Project\MICO\SDK_MiCO_v2.4.0\Build\demo\MiCOKit-3165\obj_EWARM\MICOAppEntrance.o
#        E:\VW_Project\MICO\SDK_MiCO_v2.4.0\Build\demo\MiCOKit-3165\obj_EWARM\MICOBonjour.o
#        E:\VW_Project\MICO\SDK_MiCO_v2.4.0\Build\demo\MiCOKit-3165\obj_EWARM\MICOConfigDelegate.o
#        E:\VW_Project\MICO\SDK_MiCO_v2.4.0\MICO\security\MicoCrypto.a
#        E:\VW_Project\MICO\SDK_MiCO_v2.4.0\Platform\Drivers\MicoDriverMFiAuth\MicoDriverMFiAuth.a
#        E:\VW_Project\MICO\SDK_MiCO_v2.4.0\Build\demo\MiCOKit-3165\obj_EWARM\micokit_ext.o
#        E:\VW_Project\MICO\SDK_MiCO_v2.4.0\Build\demo\MiCOKit-3165\obj_EWARM\micokit_ext_mfg.o
#        E:\VW_Project\MICO\SDK_MiCO_v2.4.0\Build\demo\MiCOKit-3165\obj_EWARM\MiCOKit_STmems.o
#        E:\VW_Project\MICO\SDK_MiCO_v2.4.0\MICO\security\MicoSrpServer.a
#        E:\VW_Project\MICO\SDK_MiCO_v2.4.0\Build\demo\MiCOKit-3165\obj_EWARM\misc.o
#        E:\VW_Project\MICO\SDK_MiCO_v2.4.0\Build\demo\MiCOKit-3165\obj_EWARM\motion_sensor.o
#        E:\VW_Project\MICO\SDK_MiCO_v2.4.0\MICO\core\mxchipWNet_cm4f_sdio.a
#        E:\VW_Project\MICO\SDK_MiCO_v2.4.0\Build\demo\MiCOKit-3165\obj_EWARM\oled.o
#        E:\VW_Project\MICO\SDK_MiCO_v2.4.0\Build\demo\MiCOKit-3165\obj_EWARM\OTA_Thread.o
#        E:\VW_Project\MICO\SDK_MiCO_v2.4.0\Build\demo\MiCOKit-3165\obj_EWARM\paltform_rtc.o
#        E:\VW_Project\MICO\SDK_MiCO_v2.4.0\Build\demo\MiCOKit-3165\obj_EWARM\platform.o
#        E:\VW_Project\MICO\SDK_MiCO_v2.4.0\Build\demo\MiCOKit-3165\obj_EWARM\platform_adc.o
#        E:\VW_Project\MICO\SDK_MiCO_v2.4.0\Build\demo\MiCOKit-3165\obj_EWARM\platform_flash.o
#        E:\VW_Project\MICO\SDK_MiCO_v2.4.0\Build\demo\MiCOKit-3165\obj_EWARM\platform_gpio.o
#        E:\VW_Project\MICO\SDK_MiCO_v2.4.0\Build\demo\MiCOKit-3165\obj_EWARM\platform_i2c.o
#        E:\VW_Project\MICO\SDK_MiCO_v2.4.0\Build\demo\MiCOKit-3165\obj_EWARM\platform_init.o
#        E:\VW_Project\MICO\SDK_MiCO_v2.4.0\Build\demo\MiCOKit-3165\obj_EWARM\platform_mcu_powersave.o
#        E:\VW_Project\MICO\SDK_MiCO_v2.4.0\Build\demo\MiCOKit-3165\obj_EWARM\platform_nano_second.o
#        E:\VW_Project\MICO\SDK_MiCO_v2.4.0\Build\demo\MiCOKit-3165\obj_EWARM\platform_pwm.o
#        E:\VW_Project\MICO\SDK_MiCO_v2.4.0\Build\demo\MiCOKit-3165\obj_EWARM\platform_rng.o
#        E:\VW_Project\MICO\SDK_MiCO_v2.4.0\Build\demo\MiCOKit-3165\obj_EWARM\platform_spi.o
#        E:\VW_Project\MICO\SDK_MiCO_v2.4.0\Build\demo\MiCOKit-3165\obj_EWARM\platform_uart.o
#        E:\VW_Project\MICO\SDK_MiCO_v2.4.0\Build\demo\MiCOKit-3165\obj_EWARM\platform_watchdog.o
#        E:\VW_Project\MICO\SDK_MiCO_v2.4.0\Build\demo\MiCOKit-3165\obj_EWARM\printbuf.o
#        E:\VW_Project\MICO\SDK_MiCO_v2.4.0\Build\demo\MiCOKit-3165\obj_EWARM\RemoteTcpClient.o
#        E:\VW_Project\MICO\SDK_MiCO_v2.4.0\Build\demo\MiCOKit-3165\obj_EWARM\Retarget.o
#        E:\VW_Project\MICO\SDK_MiCO_v2.4.0\Build\demo\MiCOKit-3165\obj_EWARM\rgb_led.o
#        E:\VW_Project\MICO\SDK_MiCO_v2.4.0\Build\demo\MiCOKit-3165\obj_EWARM\RingBuffer_C.o
#        E:\VW_Project\MICO\SDK_MiCO_v2.4.0\Build\demo\MiCOKit-3165\obj_EWARM\RingBufferUtils.o
#        E:\VW_Project\MICO\SDK_MiCO_v2.4.0\Build\demo\MiCOKit-3165\obj_EWARM\SecurityUtils.o
#        E:\VW_Project\MICO\SDK_MiCO_v2.4.0\Build\demo\MiCOKit-3165\obj_EWARM\sha1.o
#        E:\VW_Project\MICO\SDK_MiCO_v2.4.0\Build\demo\MiCOKit-3165\obj_EWARM\sha224-256.o
#        E:\VW_Project\MICO\SDK_MiCO_v2.4.0\Build\demo\MiCOKit-3165\obj_EWARM\sha384-512.o
#        E:\VW_Project\MICO\SDK_MiCO_v2.4.0\Build\demo\MiCOKit-3165\obj_EWARM\SHAUtils.o
#        E:\VW_Project\MICO\SDK_MiCO_v2.4.0\Build\demo\MiCOKit-3165\obj_EWARM\SocketUtils.o
#        E:\VW_Project\MICO\SDK_MiCO_v2.4.0\Build\demo\MiCOKit-3165\obj_EWARM\spi_flash.o
#        E:\VW_Project\MICO\SDK_MiCO_v2.4.0\Build\demo\MiCOKit-3165\obj_EWARM\spi_flash_platform.o
#        E:\VW_Project\MICO\SDK_MiCO_v2.4.0\Build\demo\MiCOKit-3165\obj_EWARM\SppProtocol.o
#        E:\VW_Project\MICO\SDK_MiCO_v2.4.0\Build\demo\MiCOKit-3165\obj_EWARM\startup_stm32f411xe_IAR.o
#        E:\VW_Project\MICO\SDK_MiCO_v2.4.0\Build\demo\MiCOKit-3165\obj_EWARM\stm32f4xx_adc.o
#        E:\VW_Project\MICO\SDK_MiCO_v2.4.0\Build\demo\MiCOKit-3165\obj_EWARM\stm32f4xx_can.o
#        E:\VW_Project\MICO\SDK_MiCO_v2.4.0\Build\demo\MiCOKit-3165\obj_EWARM\stm32f4xx_crc.o
#        E:\VW_Project\MICO\SDK_MiCO_v2.4.0\Build\demo\MiCOKit-3165\obj_EWARM\stm32f4xx_cryp.o
#        E:\VW_Project\MICO\SDK_MiCO_v2.4.0\Build\demo\MiCOKit-3165\obj_EWARM\stm32f4xx_cryp_aes.o
#        E:\VW_Project\MICO\SDK_MiCO_v2.4.0\Build\demo\MiCOKit-3165\obj_EWARM\stm32f4xx_cryp_des.o
#        E:\VW_Project\MICO\SDK_MiCO_v2.4.0\Build\demo\MiCOKit-3165\obj_EWARM\stm32f4xx_cryp_tdes.o
#        E:\VW_Project\MICO\SDK_MiCO_v2.4.0\Build\demo\MiCOKit-3165\obj_EWARM\stm32f4xx_dac.o
#        E:\VW_Project\MICO\SDK_MiCO_v2.4.0\Build\demo\MiCOKit-3165\obj_EWARM\stm32f4xx_dbgmcu.o
#        E:\VW_Project\MICO\SDK_MiCO_v2.4.0\Build\demo\MiCOKit-3165\obj_EWARM\stm32f4xx_dcmi.o
#        E:\VW_Project\MICO\SDK_MiCO_v2.4.0\Build\demo\MiCOKit-3165\obj_EWARM\stm32f4xx_dma.o
#        E:\VW_Project\MICO\SDK_MiCO_v2.4.0\Build\demo\MiCOKit-3165\obj_EWARM\stm32f4xx_dma2d.o
#        E:\VW_Project\MICO\SDK_MiCO_v2.4.0\Build\demo\MiCOKit-3165\obj_EWARM\stm32f4xx_exti.o
#        E:\VW_Project\MICO\SDK_MiCO_v2.4.0\Build\demo\MiCOKit-3165\obj_EWARM\stm32f4xx_flash.o
#        E:\VW_Project\MICO\SDK_MiCO_v2.4.0\Build\demo\MiCOKit-3165\obj_EWARM\stm32f4xx_flash_ramfunc.o
#        E:\VW_Project\MICO\SDK_MiCO_v2.4.0\Build\demo\MiCOKit-3165\obj_EWARM\stm32f4xx_gpio.o
#        E:\VW_Project\MICO\SDK_MiCO_v2.4.0\Build\demo\MiCOKit-3165\obj_EWARM\stm32f4xx_hash.o
#        E:\VW_Project\MICO\SDK_MiCO_v2.4.0\Build\demo\MiCOKit-3165\obj_EWARM\stm32f4xx_hash_md5.o
#        E:\VW_Project\MICO\SDK_MiCO_v2.4.0\Build\demo\MiCOKit-3165\obj_EWARM\stm32f4xx_hash_sha1.o
#        E:\VW_Project\MICO\SDK_MiCO_v2.4.0\Build\demo\MiCOKit-3165\obj_EWARM\stm32f4xx_i2c.o
#        E:\VW_Project\MICO\SDK_MiCO_v2.4.0\Build\demo\MiCOKit-3165\obj_EWARM\stm32f4xx_iwdg.o
#        E:\VW_Project\MICO\SDK_MiCO_v2.4.0\Build\demo\MiCOKit-3165\obj_EWARM\stm32f4xx_ltdc.o
#        E:\VW_Project\MICO\SDK_MiCO_v2.4.0\Build\demo\MiCOKit-3165\obj_EWARM\stm32f4xx_pwr.o
#        E:\VW_Project\MICO\SDK_MiCO_v2.4.0\Build\demo\MiCOKit-3165\obj_EWARM\stm32f4xx_rcc.o
#        E:\VW_Project\MICO\SDK_MiCO_v2.4.0\Build\demo\MiCOKit-3165\obj_EWARM\stm32f4xx_rng.o
#        E:\VW_Project\MICO\SDK_MiCO_v2.4.0\Build\demo\MiCOKit-3165\obj_EWARM\stm32f4xx_rtc.o
#        E:\VW_Project\MICO\SDK_MiCO_v2.4.0\Build\demo\MiCOKit-3165\obj_EWARM\stm32f4xx_sai.o
#        E:\VW_Project\MICO\SDK_MiCO_v2.4.0\Build\demo\MiCOKit-3165\obj_EWARM\stm32f4xx_sdio.o
#        E:\VW_Project\MICO\SDK_MiCO_v2.4.0\Build\demo\MiCOKit-3165\obj_EWARM\stm32f4xx_spi.o
#        E:\VW_Project\MICO\SDK_MiCO_v2.4.0\Build\demo\MiCOKit-3165\obj_EWARM\stm32f4xx_syscfg.o
#        E:\VW_Project\MICO\SDK_MiCO_v2.4.0\Build\demo\MiCOKit-3165\obj_EWARM\stm32f4xx_tim.o
#        E:\VW_Project\MICO\SDK_MiCO_v2.4.0\Build\demo\MiCOKit-3165\obj_EWARM\stm32f4xx_usart.o
#        E:\VW_Project\MICO\SDK_MiCO_v2.4.0\Build\demo\MiCOKit-3165\obj_EWARM\stm32f4xx_wwdg.o
#        E:\VW_Project\MICO\SDK_MiCO_v2.4.0\Build\demo\MiCOKit-3165\obj_EWARM\StringUtils.o
#        E:\VW_Project\MICO\SDK_MiCO_v2.4.0\Build\demo\MiCOKit-3165\obj_EWARM\system_discovery.o
#        E:\VW_Project\MICO\SDK_MiCO_v2.4.0\Build\demo\MiCOKit-3165\obj_EWARM\system_easylink.o
#        E:\VW_Project\MICO\SDK_MiCO_v2.4.0\Build\demo\MiCOKit-3165\obj_EWARM\system_easylink_delegate.o
#        E:\VW_Project\MICO\SDK_MiCO_v2.4.0\Build\demo\MiCOKit-3165\obj_EWARM\system_easylink_wac.o
#        E:\VW_Project\MICO\SDK_MiCO_v2.4.0\Build\demo\MiCOKit-3165\obj_EWARM\system_factory_test.o
#        E:\VW_Project\MICO\SDK_MiCO_v2.4.0\Build\demo\MiCOKit-3165\obj_EWARM\system_misc.o
#        E:\VW_Project\MICO\SDK_MiCO_v2.4.0\Build\demo\MiCOKit-3165\obj_EWARM\system_stm32f4xx.o
#        E:\VW_Project\MICO\SDK_MiCO_v2.4.0\Build\demo\MiCOKit-3165\obj_EWARM\temp_hum_sensor.o
#        E:\VW_Project\MICO\SDK_MiCO_v2.4.0\Build\demo\MiCOKit-3165\obj_EWARM\testCmdServ.o
#        E:\VW_Project\MICO\SDK_MiCO_v2.4.0\Build\demo\MiCOKit-3165\obj_EWARM\tftp_ota.o
#        E:\VW_Project\MICO\SDK_MiCO_v2.4.0\MICO\system\tftp_ota\tftpc.o
#        E:\VW_Project\MICO\SDK_MiCO_v2.4.0\Build\demo\MiCOKit-3165\obj_EWARM\TimeUtils.o
#        E:\VW_Project\MICO\SDK_MiCO_v2.4.0\Build\demo\MiCOKit-3165\obj_EWARM\TLVUtils.o
#        E:\VW_Project\MICO\SDK_MiCO_v2.4.0\Build\demo\MiCOKit-3165\obj_EWARM\ToDevice.o
#        E:\VW_Project\MICO\SDK_MiCO_v2.4.0\Build\demo\MiCOKit-3165\obj_EWARM\UartRecv.o
#        E:\VW_Project\MICO\SDK_MiCO_v2.4.0\Build\demo\MiCOKit-3165\obj_EWARM\URLUtils.o
#        E:\VW_Project\MICO\SDK_MiCO_v2.4.0\Build\demo\MiCOKit-3165\obj_EWARM\usha.o
#        E:\VW_Project\MICO\SDK_MiCO_v2.4.0\Build\demo\MiCOKit-3165\obj_EWARM\uvis25.o
#        E:\VW_Project\MICO\SDK_MiCO_v2.4.0\Build\demo\MiCOKit-3165\obj_EWARM\wlan_bus_sdio.o
#        E:\VW_Project\MICO\SDK_MiCO_v2.4.0\Build\demo\MiCOKit-3165\obj_EWARM\wlan_firmware.o
#        E:\VW_Project\MICO\SDK_MiCO_v2.4.0\Build\demo\MiCOKit-3165\obj_EWARM\wlan_platform.o
#        E:\VW_Project\MICO\SDK_MiCO_v2.4.0\Build\demo\MiCOKit-3165\obj_EWARM\wlan_platform_common.o
#        --redirect _Printf=_PrintfFull --redirect _Scanf=_ScanfFull -o
#        E:\VW_Project\MICO\SDK_MiCO_v2.4.0\Build\demo\Output\MiCOKit-3165\demo.out
#        --map
#        E:\VW_Project\MICO\SDK_MiCO_v2.4.0\Build\demo\MiCOKit-3165\list_EWARM\demo.map
#        --config
#        E:\VW_Project\MICO\SDK_MiCO_v2.4.0\Projects\STM32F4xx\demo\EWARM\..\..\..\..\Board\MiCOKit-3165\micoLinkerForIAR.icf
#        --semihosting --entry __iar_program_start --vfe --threaded_lib
#
###############################################################################

*******************************************************************************
*** MESSAGES
***

Warning[Lt009]: Inconsistent wchar_t size
          E:\VW_Project\MICO\SDK_MiCO_v2.4.0\Build\demo\MiCOKit-3165\obj_EWARM\
                    AESUtils.o and 340 other objects have wchar_t size 16 bits
          airlink.o(libairkiss.a) has wchar_t size 32 bits


*******************************************************************************
*** RUNTIME MODEL ATTRIBUTES
***

CppFlavor                     = *
__Heap_Handler                = DLMalloc
__SystemLibrary               = DLib
__dlib_dynamic_initialization = normal


*******************************************************************************
*** PLACEMENT SUMMARY
***

"A1":  place at 0x0800c000 { ro section .intvec };
"P1":  place in [from 0x0800c000 to 0x0807ffff] { ro };
"P2":  place in [from 0x20000000 to 0x2001ffff] { rw, block CSTACK, block HEAP };

  Section             Kind        Address     Size  Object
  -------             ----        -------     ----  ------
"A1":                                        0x198
  .intvec                      0x0800c000    0x198  <Block>
    .intvec           ro code  0x0800c000    0x198  startup_stm32f411xe_IAR.o [1]
                             - 0x0800c198    0x198

"P1":                                      0x56299
  .text               ro code  0x0800c198   0x4f7a  internal.o [9]
  .text               ro code  0x08011112     0x22  zero_init3.o [10]
  .text               ro code  0x08011134   0x1a84  ssl.o [9]
  .text               ro code  0x08012bb8     0xb8  logging.o [9]
  .text               ro code  0x08012c70     0x68  memory.o [9]
  .text               ro code  0x08012cd8    0x9a6  md5.o [9]
  .text               ro code  0x0801367e     0x1e  xsscin.o [5]
  .text               ro code  0x0801369c   0x156e  sha.o [9]
  .text               ro code  0x08014c0a     0x1a  xsnprout.o [5]
  .text               ro code  0x08014c24    0x6fe  sha256.o [9]
  .text               ro code  0x08015322      0xa  xsprout.o [5]
  .text               ro code  0x0801532c    0xda6  sha512.o [9]
  .text               ro code  0x080160d2     0x86  random.o [9]
  .text               ro code  0x08016158     0x76  ABImemcpy_unaligned.o [10]
  .rodata             const    0x080161ce      0x2  internal.o [9]
  .text               ro code  0x080161d0    0x360  rsa.o [9]
  .text               ro code  0x08016530    0x130  wwd_rtos.o [9]
  .text               ro code  0x08016660    0x628  tls.o [9]
  .text               ro code  0x08016c88     0x36  strlen.o [10]
  .rodata             const    0x08016cbe      0x1  smart_config.o [9]
  .rodata             const    0x08016cbf      0x1  smart_config.o [9]
  .text               ro code  0x08016cc0   0x1b1e  asn.o [9]
  .rodata             const    0x080187de      0x1  smart_config.o [9]
  .rodata             const    0x080187df      0x1  smart_config.o [9]
  .text               ro code  0x080187e0     0x62  memcmp_unaligned.o [10]
  .text               ro code  0x08018842     0xe0  arc4.o [9]
  .text               ro code  0x08018924    0x62c  des3.o [9]
  .text               ro code  0x08018f50   0x14fc  aes.o [9]
  .text               ro code  0x0801a44c     0x66  ABImemset.o [10]
  .text               ro code  0x0801a4b4    0x494  rabbit.o [9]
  .text               ro code  0x0801a948     0x78  ABImemmove_unaligned.o [10]
  .text               ro code  0x0801a9c0     0x2a  strncmp.o [5]
  .text               ro code  0x0801a9ea      0x8  internal.o [9]
  .text               ro code  0x0801a9f4     0x6c  strncpy_unaligned.o [10]
  .text               ro code  0x0801aa60    0xa52  keys.o [9]
  .text               ro code  0x0801b4b2    0x508  queue.o [9]
  .text               ro code  0x0801b9bc      0xc  errno.o [5]
  .text               ro code  0x0801b9c8    0x1e4  coding.o [9]
  .text               ro code  0x0801bbac     0x24  printf.o [5]
  .text               ro code  0x0801bbd0     0x34  sprintf.o [5]
  .text               ro code  0x0801bc04   0x2590  dlmalloc.o [9]
  .text               ro code  0x0801e194     0x1e  U64Shr.o [10]
  .text               ro code  0x0801e1b4     0x22  I64Shl.o [10]
  .text               ro code  0x0801e1d8     0xe0  rand.o [5]
  .text               ro code  0x0801e2b8   0x2a0e  integer.o [9]
  .text               ro code  0x08020cc8    0xba8  tasks.o [9]
  .text               ro code  0x08021870     0xec  port.o [9]
  .text               ro code  0x0802195c    0x408  mico_system_notification.o [1]
  .text               ro code  0x08021d64    0x38c  hmac.o [9]
  .text               ro code  0x080220f0     0x2c  strstr.o [5]
  .text               ro code  0x0802211c     0x38  heap_3.o [9]
  .text               ro code  0x08022154     0x9a  list.o [9]
  .text               ro code  0x080221f0   0x1644  sockets.o [9]
  CODE                ro code  0x08023834     0xa8  portasm.o [9]
  .text               ro code  0x080238dc      0x2  xtls.o [5]
  .text               ro code  0x080238e0   0x1150  xprintffull.o [5]
  .text               ro code  0x08024a30      0x6  abort.o [5]
  .text               ro code  0x08024a38      0x6  ABImemclr4.o [10]
  .text               ro code  0x08024a3e     0x20  xsyslock.o [5]
  .text               ro code  0x08024a60     0x2c  xgetmemchunk.o [5]
  .text               ro code  0x08024a8c    0x370  ostimers.o [9]
  .text               ro code  0x08024dfc     0x1c  strcat.o [5]
  .text               ro code  0x08024e18    0x440  platform_mcu_powersave.o [1]
  .text               ro code  0x08025258    0x71a  wiced_rtos.o [9]
  .text               ro code  0x08025972     0x18  strrchr.o [5]
  .text               ro code  0x0802598c    0x7b2  mxchipWNET.o [9]
  .text               ro code  0x08026140     0x16  strchr.o [10]
  .text               ro code  0x08026158    0x2a0  sys_arch.o [9]
  .text               ro code  0x080263f8    0x4ec  pbuf.o [9]
  .text               ro code  0x080268e4     0xda  netbuf.o [9]
  .text               ro code  0x080269c0    0x5e0  api_lib.o [9]
  .text               ro code  0x08026fa0     0x36  def.o [9]
  .text               ro code  0x08026fd8    0x2e0  lwiptcpip.o [9]
  .text               ro code  0x080272b8    0x568  igmp.o [9]
  .text               ro code  0x08027820     0x44  snprintf.o [5]
  .text               ro code  0x08027864     0x20  xmbtowc.o [5]
  .text               ro code  0x08027884     0x58  memchr.o [10]
  .text               ro code  0x080278dc      0xa  xmbcurmax.o [5]
  .text               ro code  0x080278e6     0x1a  xwctomb.o [5]
  .text               ro code  0x08027900     0xee  I64DivMod.o [10]
  .text               ro code  0x080279ee     0x42  xdnorm.o [8]
  .text               ro code  0x08027a30     0x2e  DblCmpLe.o [8]
  .text               ro code  0x08027a60     0x2e  DblCmpGe.o [8]
  .text               ro code  0x08027a90    0x114  xdscale.o [8]
  .text               ro code  0x08027ba4     0x58  DblToI32.o [8]
  .text               ro code  0x08027bfc     0x30  I32ToDbl.o [8]
  .text               ro code  0x08027c2c    0x180  DblSub.o [8]
  .text               ro code  0x08027dac    0x1a2  DblMul.o [8]
  .text               ro code  0x08027f50    0x246  DblDiv.o [8]
  .text               ro code  0x08028198     0x6c  localeconv.o [5]
  .text               ro code  0x08028204      0xe  div.o [5]
  .text               ro code  0x08028214     0x14  exit.o [11]
  .text               ro code  0x08028228     0x3a  ABImemset48.o [10]
  .text               ro code  0x08028264    0x15c  xsyslock_mtx.o [5]
  .text               ro code  0x080283c0    0x606  stm32f4xx_rtc.o [1]
  .text               ro code  0x080289c8    0x238  stm32f4xx_rcc.o [1]
  .text               ro code  0x08028c00     0x60  stm32f4xx_pwr.o [1]
  .text               ro code  0x08028c60     0x7c  stm32f4xx_exti.o [1]
  .text               ro code  0x08028cdc    0x8a0  paltform_rtc.o [1]
  .text               ro code  0x0802957c    0x158  platform_init.o [1]
  .text               ro code  0x080296d4    0x178  platform.o [1]
  .text               ro code  0x0802984c    0x4b0  system_factory_test.o [1]
  .text               ro code  0x08029cfc    0xb60  MICOAppEntrance.o [1]
  .text               ro code  0x0802a85c     0xec  wlan_platform_common.o [1]
  .text               ro code  0x0802a948    0x440  wifi.o [9]
  .text               ro code  0x0802ad88   0x2668  wifimgr.o [9]
  .text               ro code  0x0802d3f0    0x628  tcpip.o [9]
  .text               ro code  0x0802da18    0x7ec  dns.o [9]
  .text               ro code  0x0802e204     0x20  srand.o [5]
  .text               ro code  0x0802e224    0xe04  tcp.o [9]
  .text               ro code  0x0802f028   0x14cc  wwd_wifi.o [9]
  .text               ro code  0x080304f4   0x289c  smart_config.o [9]
  .text               ro code  0x08032d90    0x25a  ip_addr.o [9]
  .text               ro code  0x08032fec     0x42  strcmp_unaligned.o [10]
  .text               ro code  0x08033030     0x44  strcpy_unaligned.o [10]
  .text               ro code  0x08033074    0x244  wwd_management.o [9]
  .text               ro code  0x080332b8    0x1b8  memp.o [9]
  .text               ro code  0x08033470    0xeac  api_msg.o [9]
  .text               ro code  0x0803431c    0x300  lwiptimers.o [9]
  .text               ro code  0x0803461c    0x9e0  etharp.o [9]
  .text               ro code  0x08034ffc    0x458  ip.o [9]
  .text               ro code  0x08035454     0x20  init.o [9]
  .text               ro code  0x08035474    0x170  inet_chksum.o [9]
  .text               ro code  0x080355e4     0x24  setlocale.o [5]
  .text               ro code  0x08035608     0x60  xencoding_sb.o [5]
  .text               ro code  0x08035668      0x2  I64DivZer.o [10]
  .text               ro code  0x0803566c     0xe8  DblAdd.o [8]
  .text               ro code  0x08035754     0x1c  iar_mutex.o [9]
  .text               ro code  0x08035770    0x25c  stm32f4xx_flash.o [1]
  .text               ro code  0x080359cc     0x94  misc.o [1]
  .text               ro code  0x08035a60    0x6a8  platform_gpio.o [1]
  .text               ro code  0x08036108     0x5e  RingBufferUtils.o [1]
  .text               ro code  0x08036168    0x81c  platform_uart.o [1]
  .text               ro code  0x08036984    0xa1c  mico_platform_common.o [1]
  .text               ro code  0x080373a0     0xd0  button.o [1]
  .text               ro code  0x08037470     0x24  dc_motor.o [1]
  .text               ro code  0x08037494     0x98  rgb_led.o [1]
  .text               ro code  0x0803752c    0xdec  system_misc.o [1]
  .text               ro code  0x08038318    0x3a8  mftest.o [9]
  .text               ro code  0x080386c0    0x5f8  AppUser.o [1]
  .text               ro code  0x08038cb8    0x5fc  mico_system_init.o [1]
  .text               ro code  0x080392b4    0x3f8  MICOBonjour.o [1]
  .text               ro code  0x080396ac     0x1a  SppProtocol.o [1]
  .text               ro code  0x080396c8    0x41c  wiced_network.o [9]
  .text               ro code  0x08039ae4     0x14  mxchip_debug.o [9]
  .text               ro code  0x08039af8     0x30  aes_wrap.o [9]
  .text               ro code  0x08039b28    0x1ec  dns_redirect.o [9]
  .text               ro code  0x08039d14    0x492  wwd_ap.o [9]
  .text               ro code  0x0803a1a8     0x64  dnsclient.o [9]
  .text               ro code  0x0803a20c    0xd3c  SDPCM.o [9]
  .text               ro code  0x0803af48     0x46  strcasecmp.o [5]
  .text               ro code  0x0803af90   0x1594  tcp_in.o [9]
  .text               ro code  0x0803c524    0x710  udp.o [9]
  .text               ro code  0x0803cc34      0x4  strtoul.o [5]
  .text               ro code  0x0803cc38    0x190  wiced_ping.o [9]
  .text               ro code  0x0803cdc8      0xc  mxchipbesl.o [9]
  .text               ro code  0x0803cdd4    0xcc2  tcp_out.o [9]
  .text               ro code  0x0803da96     0xb6  wwd_buffer.o [9]
  .text               ro code  0x0803db4c    0x86c  wlan_bus_sdio.o [1]
  .text               ro code  0x0803e3b8    0x9b8  wwd_bus_protocol.o [9]
  .text               ro code  0x0803ed70    0x258  wwd_thread.o [9]
  .text               ro code  0x0803efc8      0x4  wlan_platform.o [1]
  .text               ro code  0x0803efcc    0x1cc  raw.o [9]
  .text               ro code  0x0803f198    0xf20  dhcp.o [9]
  .text               ro code  0x080400b8    0x184  icmp.o [9]
  .text               ro code  0x0804023c    0x358  netif.o [9]
  .text               ro code  0x08040594     0x9a  stm32f4xx_gpio.o [1]
  .text               ro code  0x08040630     0x28  stm32f4xx_syscfg.o [1]
  .text               ro code  0x08040658    0x1ea  stm32f4xx_usart.o [1]
  .text               ro code  0x08040844    0x1c8  stm32f4xx_dma.o [1]
  .text               ro code  0x08040a0c    0x2d0  platform_watchdog.o [1]
  .text               ro code  0x08040cdc    0x134  micokit_ext.o [1]
  .text               ro code  0x08040e10    0x1f8  platform_adc.o [1]
  .text               ro code  0x08041008    0x764  platform_i2c.o [1]
  .text               ro code  0x0804176c    0x59c  platform_spi.o [1]
  .text               ro code  0x08041d08    0xc70  platform_flash.o [1]
  .text               ro code  0x08042978     0xbc  platform_nano_second.o [1]
  .text               ro code  0x08042a34    0xba4  mico_system_para_storage.o [1]
  .text               ro code  0x080435d8    0x91c  StringUtils.o [1]
  .text               ro code  0x08043ef4     0xb0  fflush.o [5]
  .text               ro code  0x08043fa4      0x6  ABImemclr.o [10]
  .text               ro code  0x08043fac    0x4c0  mico_system_power_daemon.o [1]
  .text               ro code  0x0804446c    0x320  mico_system_monitor.o [1]
  .text               ro code  0x0804478c    0xf68  mico_cli.o [1]
  .text               ro code  0x080456f4   0x19a0  system_easylink.o [1]
  .text               ro code  0x08047094    0x3d0  system_discovery.o [1]
  .text               ro code  0x08047464   0x1fb0  config_server.o [1]
  .text               ro code  0x08049414   0x10fc  mico_mdns.o [1]
  .text               ro code  0x0804a510     0x28  sys.o [9]
  .text               ro code  0x0804a538    0x650  dhcp_server.o [9]
  .text               ro code  0x0804ab88     0x48  netifapi.o [9]
  .text               ro code  0x0804abd0    0x17c  wwd_network.o [9]
  .text               ro code  0x0804ad4c     0x14  tolower.o [5]
  .text               ro code  0x0804ad60    0x198  xstoul.o [5]
  .text               ro code  0x0804aef8     0x64  stm32f4xx_sdio.o [1]
  .text               ro code  0x0804af5c    0x260  wwd_internal.o [9]
  .text               ro code  0x0804b1bc    0x2f4  wwd_firmware.o [9]
  .text               ro code  0x0804b4b0     0x34  stm32f4xx_iwdg.o [1]
  .text               ro code  0x0804b4e4    0x2de  stm32f4xx_tim.o [1]
  .text               ro code  0x0804b7c4    0x9e0  oled.o [1]
  .text               ro code  0x0804c1a4     0x12  light_sensor.o [1]
  .text               ro code  0x0804c1b6     0x12  infrared_reflective.o [1]
  .text               ro code  0x0804c1c8     0x30  temp_hum_sensor.o [1]
  .text               ro code  0x0804c1f8    0x11c  stm32f4xx_adc.o [1]
  .text               ro code  0x0804c314    0x144  stm32f4xx_i2c.o [1]
  .text               ro code  0x0804c458    0x13e  stm32f4xx_spi.o [1]
  .text               ro code  0x0804c598    0x47c  spi_flash.o [1]
  .text               ro code  0x0804ca14     0x7a  CheckSumUtils.o [1]
  .text               ro code  0x0804ca8e     0x18  toupper.o [5]
  .text               ro code  0x0804caa6     0x3c  isxxx.o [5]
  .text               ro code  0x0804cae2     0x16  strnlen.o [5]
  .text               ro code  0x0804caf8     0x14  Retarget.o [1]
  .text               ro code  0x0804cb0c    0x6b4  tftpc.o [2]
  .text               ro code  0x0804d1c0    0xa74  tftp_ota.o [1]
  .text               ro code  0x0804dc34     0x3c  vsnprint.o [5]
  .text               ro code  0x0804dc70     0x7a  system_easylink_delegate.o [1]
  .text               ro code  0x0804dcec    0x400  MICOConfigDelegate.o [1]
  .text               ro code  0x0804e0ec    0x390  SocketUtils.o [1]
  .text               ro code  0x0804e47c    0xf2c  json_tokener.o [1]
  .text               ro code  0x0804f3a8    0x5f0  json_object.o [1]
  .text               ro code  0x0804f998   0x22ec  HTTPUtils.o [1]
  .text               ro code  0x08051c84    0x4e8  config_server_menu.o [1]
  .text               ro code  0x0805216c     0x8c  wiced_lib.o [9]
  .text               ro code  0x080521f8     0x4c  wps_host.o [9]
  .text               ro code  0x08052244      0xc  xlocale_c.o [5]
  .text               ro code  0x08052250     0x18  read_wifi_firmware.o [9]
  .text               ro code  0x08052268    0x4dc  bme280_user.o [1]
  .text               ro code  0x08052744     0x8a  DHT11.o [1]
  .text               ro code  0x080527d0     0x30  spi_flash_platform.o [1]
  .text               ro code  0x08052800     0x16  xlocale_c.o [5]
  .text               ro code  0x08052816     0x24  xlocale_c.o [5]
  .text               ro code  0x0805283a     0x14  xlocale_c.o [5]
  .text               ro code  0x08052850    0x136  printbuf.o [1]
  .text               ro code  0x08052986     0x4e  strncasecmp.o [5]
  .text               ro code  0x080529d4     0xe4  json_util.o [1]
  .text               ro code  0x08052ab8     0x24  sscanf.o [5]
  .text               ro code  0x08052adc     0x18  strdup.o [5]
  .text               ro code  0x08052af4    0x34c  linkhash.o [1]
  .text               ro code  0x08052e40     0x20  DblCmpEq.o [8]
  .text               ro code  0x08052e60     0xd4  arraylist.o [1]
  .text               ro code  0x08052f34    0x1d8  ssl_wrap.o [9]
  .text               ro code  0x0805310c    0x16a  URLUtils.o [1]
  .text               ro code  0x08053278    0x570  bme280.o [1]
  .text               ro code  0x080537e8     0x2c  vsprintf.o [5]
  .text               ro code  0x08053814    0xcf4  xscanffull.o [5]
  .text               ro code  0x08054508     0x18  vprintf.o [5]
  .text               ro code  0x08054520      0x4  exit.o [5]
  .text               ro code  0x08054524     0x40  xwctob.o [5]
  .text               ro code  0x08054564     0xa4  xstoll.o [5]
  .text               ro code  0x08054608    0x1b0  xstoull.o [5]
  .text               ro code  0x080547b8    0x168  xstold.o [8]
  .text               ro code  0x08054920     0x90  DblToFlt.o [8]
  .text               ro code  0x080549b0     0x12  cexit.o [10]
  .text               ro code  0x080549c2    0x134  xstopfx.o [5]
  .text               ro code  0x08054af8    0x1b8  xstoflt.o [5]
  .text               ro code  0x08054cb0    0x200  xdtento.o [8]
  .text               ro code  0x08054eb0    0x218  xstoxflt.o [5]
  .text               ro code  0x080550c8     0x58  xcloseall.o [5]
  .text               ro code  0x08055120     0x56  xdunscal.o [8]
  .text               ro code  0x08055176     0x7a  fclose.o [5]
  .text               ro code  0x080551f0     0x7c  xfofind.o [5]
  .text               ro code  0x0805526c     0x1a  close.o [11]
  .text               ro code  0x08055286     0x16  remove.o [11]
  .text               ro code  0x0805529c     0xe0  XShHandles.o [5]
  .rodata             const    0x0805537c   0x1400  aes.o [9]
  .rodata             const    0x0805677c   0x1400  aes.o [9]
  .text               ro code  0x08057b7c   0x1278  Http_client.o [1]
  .text               ro code  0x08058df4    0x44c  ToDevice.o [1]
  .text               ro code  0x08059240    0x87a  DebugTrace.o [1]
  .text               ro code  0x08059abc    0xee0  RemoteTcpClient.o [1]
  .rodata             const    0x0805a99c    0x800  des3.o [9]
  .text               ro code  0x0805b19c    0x7c0  testCmdServ.o [1]
  .text               ro code  0x0805b95c    0x738  GetAppExData.o [1]
  .text               ro code  0x0805c094    0x518  UartRecv.o [1]
  .text               ro code  0x0805c5ac    0x100  RingBuffer_C.o [1]
  .text               ro code  0x0805c6ac    0x3a4  hardfault.o [1]
  .rodata             const    0x0805ca50    0x35c  platform.o [1]
  .rodata             const    0x0805cdac    0x30c  wwd_firmware.o [9]
  .rodata             const    0x0805d0b8    0x280  sha512.o [9]
  .rodata             const    0x0805d338    0x244  mico_cli.o [1]
  .text               ro code  0x0805d57c    0x168  io.o [9]
  .rodata             const    0x0805d6e4    0x100  smart_config.o [9]
  .rodata             const    0x0805d7e4    0x100  wwd_wifi.o [9]
  .rodata             const    0x0805d8e4    0x100  sha256.o [9]
  .text               ro code  0x0805d9e4     0xfc  LocalTcpServer.o [1]
  .text               ro code  0x0805dae0     0xd6  xfspos.o [5]
  .text               ro code  0x0805dbb6      0xc  xfgpos.o [5]
  .text               ro code  0x0805dbc2     0x4c  lseek.o [11]
  .text               ro code  0x0805dc0e     0xd2  packbits_init.o [10]
  .text               ro code  0x0805dce0     0xb6  xfwprep.o [5]
  .text               ro code  0x0805dd96     0x22  fseek.o [5]
  .rodata             const    0x0805ddb8     0x90  config_server.o [1]
  .rodata             const    0x0805de48     0x68  wifimgr.o [9]
  .rodata             const    0x0805deb0     0x58  smart_config.o [9]
  .text               ro code  0x0805df08     0x56  fputc.o [5]
  .rodata             const    0x0805df60     0x54  asn.o [9]
  .text               ro code  0x0805dfb4     0x54  micokit_ext_mfg.o [1]
  .rodata             const    0x0805e008     0x50  coding.o [9]
  .rodata             const    0x0805e058     0x50  asn.o [9]
  .rodata             const    0x0805e0a8     0x4c  dns.o [9]
  .rodata             const    0x0805e0f4     0x4c  dns.o [9]
  .rodata             const    0x0805e140     0x48  tcp_in.o [9]
  .rodata             const    0x0805e188     0x44  tcp_in.o [9]
  .rodata             const    0x0805e1cc     0x40  sockets.o [9]
  .rodata             const    0x0805e20c     0x40  wifimgr.o [9]
  .rodata             const    0x0805e24c     0x40  wifimgr.o [9]
  .rodata             const    0x0805e28c     0x40  udp.o [9]
  .rodata             const    0x0805e2cc     0x40  udp.o [9]
  .rodata             const    0x0805e30c     0x3c  wifimgr.o [9]
  .rodata             const    0x0805e348     0x3c  wifimgr.o [9]
  .rodata             const    0x0805e384     0x3c  wifimgr.o [9]
  .rodata             const    0x0805e3c0     0x38  wifimgr.o [9]
  .rodata             const    0x0805e3f8     0x38  wifimgr.o [9]
  .rodata             const    0x0805e430     0x38  memp.o [9]
  .rodata             const    0x0805e468     0x38  internal.o [9]
  .rodata             const    0x0805e4a0     0x38  des3.o [9]
  .rodata             const    0x0805e4d8     0x34  smart_config.o [9]
  .rodata             const    0x0805e50c     0x34  internal.o [9]
  .rodata             const    0x0805e540     0x34  internal.o [9]
  .rodata             const    0x0805e574     0x34  internal.o [9]
  .rodata             const    0x0805e5a8     0x30  aes.o [9]
  .rodata             const    0x0805e5d8     0x30  aes.o [9]
  .rodata             const    0x0805e608     0x30  wifimgr.o [9]
  .rodata             const    0x0805e638     0x30  ssl.o [9]
  .rodata             const    0x0805e668     0x30  tcp_in.o [9]
  .rodata             const    0x0805e698     0x30  etharp.o [9]
  .rodata             const    0x0805e6c8     0x30  etharp.o [9]
  .rodata             const    0x0805e6f8     0x30  asn.o [9]
  .rodata             const    0x0805e728     0x30  internal.o [9]
  .rodata             const    0x0805e758     0x30  internal.o [9]
  .rodata             const    0x0805e788     0x30  internal.o [9]
  .rodata             const    0x0805e7b8     0x30  internal.o [9]
  .rodata             const    0x0805e7e8     0x30  internal.o [9]
  .rodata             const    0x0805e818     0x30  internal.o [9]
  .rodata             const    0x0805e848     0x30  keys.o [9]
  .rodata             const    0x0805e878     0x30  des3.o [9]
  .rodata             const    0x0805e8a8     0x2c  wifimgr.o [9]
  .rodata             const    0x0805e8d4     0x2c  wifimgr.o [9]
  .rodata             const    0x0805e900     0x2c  wifimgr.o [9]
  .rodata             const    0x0805e92c     0x2c  ssl.o [9]
  .rodata             const    0x0805e958     0x2c  ssl.o [9]
  .rodata             const    0x0805e984     0x2c  ssl.o [9]
  .rodata             const    0x0805e9b0     0x2c  ssl.o [9]
  .rodata             const    0x0805e9dc     0x2c  mftest.o [9]
  .rodata             const    0x0805ea08     0x2c  etharp.o [9]
  .rodata             const    0x0805ea34     0x2c  asn.o [9]
  .rodata             const    0x0805ea60     0x2c  asn.o [9]
  .rodata             const    0x0805ea8c     0x2c  internal.o [9]
  .rodata             const    0x0805eab8     0x2c  internal.o [9]
  .rodata             const    0x0805eae4     0x2c  internal.o [9]
  .rodata             const    0x0805eb10     0x2c  internal.o [9]
  .rodata             const    0x0805eb3c     0x2c  internal.o [9]
  .rodata             const    0x0805eb68     0x2c  internal.o [9]
  .rodata             const    0x0805eb94     0x2c  internal.o [9]
  .rodata             const    0x0805ebc0     0x2c  internal.o [9]
  .rodata             const    0x0805ebec     0x2c  internal.o [9]
  .rodata             const    0x0805ec18     0x2c  internal.o [9]
  .rodata             const    0x0805ec44     0x2c  internal.o [9]
  .rodata             const    0x0805ec70     0x2c  internal.o [9]
  .rodata             const    0x0805ec9c     0x2c  internal.o [9]
  .rodata             const    0x0805ecc8     0x2c  internal.o [9]
  .rodata             const    0x0805ecf4     0x2c  internal.o [9]
  .rodata             const    0x0805ed20     0x2c  internal.o [9]
  .rodata             const    0x0805ed4c     0x2c  internal.o [9]
  .rodata             const    0x0805ed78     0x2c  internal.o [9]
  .rodata             const    0x0805eda4     0x2c  internal.o [9]
  .rodata             const    0x0805edd0     0x2c  keys.o [9]
  .rodata             const    0x0805edfc     0x28  aes.o [9]
  .rodata             const    0x0805ee24     0x28  wifimgr.o [9]
  .rodata             const    0x0805ee4c     0x28  wifimgr.o [9]
  .rodata             const    0x0805ee74     0x28  wifimgr.o [9]
  .rodata             const    0x0805ee9c     0x28  wifimgr.o [9]
  .rodata             const    0x0805eec4     0x28  wifimgr.o [9]
  .rodata             const    0x0805eeec     0x28  ssl.o [9]
  .rodata             const    0x0805ef14     0x28  ssl.o [9]
  .rodata             const    0x0805ef3c     0x28  ssl.o [9]
  .rodata             const    0x0805ef64     0x28  ssl.o [9]
  .rodata             const    0x0805ef8c     0x28  ssl.o [9]
  .rodata             const    0x0805efb4     0x28  ssl.o [9]
  .rodata             const    0x0805efdc     0x28  ssl.o [9]
  .rodata             const    0x0805f004     0x28  ssl.o [9]
  .rodata             const    0x0805f02c     0x28  SDPCM.o [9]
  .rodata             const    0x0805f054     0x28  mftest.o [9]
  .rodata             const    0x0805f07c     0x28  smart_config.o [9]
  .rodata             const    0x0805f0a4     0x28  asn.o [9]
  .rodata             const    0x0805f0cc     0x28  asn.o [9]
  .rodata             const    0x0805f0f4     0x28  asn.o [9]
  .rodata             const    0x0805f11c     0x28  asn.o [9]
  .rodata             const    0x0805f144     0x28  internal.o [9]
  .rodata             const    0x0805f16c     0x28  internal.o [9]
  .rodata             const    0x0805f194     0x28  internal.o [9]
  .rodata             const    0x0805f1bc     0x28  internal.o [9]
  .rodata             const    0x0805f1e4     0x28  internal.o [9]
  .rodata             const    0x0805f20c     0x28  internal.o [9]
  .rodata             const    0x0805f234     0x28  internal.o [9]
  .rodata             const    0x0805f25c     0x28  internal.o [9]
  .rodata             const    0x0805f284     0x28  internal.o [9]
  .rodata             const    0x0805f2ac     0x28  internal.o [9]
  .rodata             const    0x0805f2d4     0x28  internal.o [9]
  .rodata             const    0x0805f2fc     0x28  internal.o [9]
  .rodata             const    0x0805f324     0x28  internal.o [9]
  .rodata             const    0x0805f34c     0x28  internal.o [9]
  .rodata             const    0x0805f374     0x28  internal.o [9]
  .rodata             const    0x0805f39c     0x28  internal.o [9]
  .text               ro code  0x0805f3c4     0x28  data_init.o [10]
  .rodata             const    0x0805f3ec     0x24  json_object.o [1]
  .rodata             const    0x0805f410     0x24  wifimgr.o [9]
  .rodata             const    0x0805f434     0x24  wifimgr.o [9]
  .rodata             const    0x0805f458     0x24  wifimgr.o [9]
  .rodata             const    0x0805f47c     0x24  ssl.o [9]
  .rodata             const    0x0805f4a0     0x24  ssl.o [9]
  .rodata             const    0x0805f4c4     0x24  ssl.o [9]
  .rodata             const    0x0805f4e8     0x24  ssl.o [9]
  .rodata             const    0x0805f50c     0x24  ssl.o [9]
  .rodata             const    0x0805f530     0x24  ssl.o [9]
  .rodata             const    0x0805f554     0x24  ssl.o [9]
  .rodata             const    0x0805f578     0x24  ssl.o [9]
  .rodata             const    0x0805f59c     0x24  ssl.o [9]
  .rodata             const    0x0805f5c0     0x24  ssl.o [9]
  .rodata             const    0x0805f5e4     0x24  ssl.o [9]
  .rodata             const    0x0805f608     0x24  ssl.o [9]
  .rodata             const    0x0805f62c     0x24  ssl.o [9]
  .rodata             const    0x0805f650     0x24  ssl.o [9]
  .rodata             const    0x0805f674     0x24  ssl.o [9]
  .rodata             const    0x0805f698     0x24  SDPCM.o [9]
  .rodata             const    0x0805f6bc     0x24  memp.o [9]
  .rodata             const    0x0805f6e0     0x24  mftest.o [9]
  .rodata             const    0x0805f704     0x24  logging.o [9]
  .rodata             const    0x0805f728     0x24  smart_config.o [9]
  .rodata             const    0x0805f74c     0x24  smart_config.o [9]
  .rodata             const    0x0805f770     0x24  tcp_in.o [9]
  .rodata             const    0x0805f794     0x24  coding.o [9]
  .rodata             const    0x0805f7b8     0x24  coding.o [9]
  .rodata             const    0x0805f7dc     0x24  asn.o [9]
  .rodata             const    0x0805f800     0x24  asn.o [9]
  .rodata             const    0x0805f824     0x24  internal.o [9]
  .rodata             const    0x0805f848     0x24  internal.o [9]
  .rodata             const    0x0805f86c     0x24  internal.o [9]
  .rodata             const    0x0805f890     0x24  internal.o [9]
  .rodata             const    0x0805f8b4     0x24  internal.o [9]
  .rodata             const    0x0805f8d8     0x24  internal.o [9]
  .rodata             const    0x0805f8fc     0x24  internal.o [9]
  .rodata             const    0x0805f920     0x24  internal.o [9]
  .rodata             const    0x0805f944     0x24  internal.o [9]
  .rodata             const    0x0805f968     0x24  dhcp_server.o [9]
  .text               ro code  0x0805f98c     0x22  fpinit_M.o [8]
  .iar.init_table     const    0x0805f9b0     0x2c  - Linker created -
  .rodata             const    0x0805f9dc     0x20  wifimgr.o [9]
  .rodata             const    0x0805f9fc     0x20  wifimgr.o [9]
  .rodata             const    0x0805fa1c     0x20  wifimgr.o [9]
  .rodata             const    0x0805fa3c     0x20  wifimgr.o [9]
  .rodata             const    0x0805fa5c     0x20  wifimgr.o [9]
  .rodata             const    0x0805fa7c     0x20  wifimgr.o [9]
  .rodata             const    0x0805fa9c     0x20  wifimgr.o [9]
  .rodata             const    0x0805fabc     0x20  ssl.o [9]
  .rodata             const    0x0805fadc     0x20  ssl.o [9]
  .rodata             const    0x0805fafc     0x20  ssl.o [9]
  .rodata             const    0x0805fb1c     0x20  ssl.o [9]
  .rodata             const    0x0805fb3c     0x20  ssl.o [9]
  .rodata             const    0x0805fb5c     0x20  ssl.o [9]
  .rodata             const    0x0805fb7c     0x20  ssl.o [9]
  .rodata             const    0x0805fb9c     0x20  ssl.o [9]
  .rodata             const    0x0805fbbc     0x20  ssl.o [9]
  .rodata             const    0x0805fbdc     0x20  ssl.o [9]
  .rodata             const    0x0805fbfc     0x20  ssl.o [9]
  .rodata             const    0x0805fc1c     0x20  ssl.o [9]
  .rodata             const    0x0805fc3c     0x20  ssl.o [9]
  .rodata             const    0x0805fc5c     0x20  ssl.o [9]
  .rodata             const    0x0805fc7c     0x20  ssl.o [9]
  .rodata             const    0x0805fc9c     0x20  ssl.o [9]
  .rodata             const    0x0805fcbc     0x20  ssl.o [9]
  .rodata             const    0x0805fcdc     0x20  memp.o [9]
  .rodata             const    0x0805fcfc     0x20  memp.o [9]
  .rodata             const    0x0805fd1c     0x20  memp.o [9]
  .rodata             const    0x0805fd3c     0x20  mftest.o [9]
  .rodata             const    0x0805fd5c     0x20  mftest.o [9]
  .rodata             const    0x0805fd7c     0x20  mftest.o [9]
  .rodata             const    0x0805fd9c     0x20  logging.o [9]
  .rodata             const    0x0805fdbc     0x20  smart_config.o [9]
  .rodata             const    0x0805fddc     0x20  dns.o [9]
  .rodata             const    0x0805fdfc     0x20  wifi.o [9]
  .rodata             const    0x0805fe1c     0x20  udp.o [9]
  .rodata             const    0x0805fe3c     0x20  coding.o [9]
  .rodata             const    0x0805fe5c     0x20  asn.o [9]
  .rodata             const    0x0805fe7c     0x20  asn.o [9]
  .rodata             const    0x0805fe9c     0x20  asn.o [9]
  .rodata             const    0x0805febc     0x20  asn.o [9]
  .rodata             const    0x0805fedc     0x20  internal.o [9]
  .rodata             const    0x0805fefc     0x20  internal.o [9]
  .rodata             const    0x0805ff1c     0x20  internal.o [9]
  .rodata             const    0x0805ff3c     0x20  internal.o [9]
  .rodata             const    0x0805ff5c     0x20  internal.o [9]
  .rodata             const    0x0805ff7c     0x20  internal.o [9]
  .rodata             const    0x0805ff9c     0x20  internal.o [9]
  .rodata             const    0x0805ffbc     0x20  internal.o [9]
  .rodata             const    0x0805ffdc     0x20  internal.o [9]
  .rodata             const    0x0805fffc     0x20  internal.o [9]
  .rodata             const    0x0806001c     0x20  internal.o [9]
  .rodata             const    0x0806003c     0x20  internal.o [9]
  .rodata             const    0x0806005c     0x20  internal.o [9]
  .rodata             const    0x0806007c     0x20  internal.o [9]
  .rodata             const    0x0806009c     0x20  internal.o [9]
  .rodata             const    0x080600bc     0x20  internal.o [9]
  .rodata             const    0x080600dc     0x20  internal.o [9]
  .rodata             const    0x080600fc     0x20  internal.o [9]
  .rodata             const    0x0806011c     0x20  rsa.o [9]
  .rodata             const    0x0806013c     0x20  dhcp_server.o [9]
  .rodata             const    0x0806015c     0x20  des3.o [9]
  .rodata             const    0x0806017c     0x20  io.o [9]
  .rodata             const    0x0806019c     0x1c  mxchipWNET.o [9]
  .rodata             const    0x080601b8     0x1c  sockets.o [9]
  .rodata             const    0x080601d4     0x1c  wifimgr.o [9]
  .rodata             const    0x080601f0     0x1c  wifimgr.o [9]
  .rodata             const    0x0806020c     0x1c  wifimgr.o [9]
  .rodata             const    0x08060228     0x1c  wifimgr.o [9]
  .rodata             const    0x08060244     0x1c  ssl.o [9]
  .rodata             const    0x08060260     0x1c  ssl.o [9]
  .rodata             const    0x0806027c     0x1c  ssl.o [9]
  .rodata             const    0x08060298     0x1c  ssl.o [9]
  .rodata             const    0x080602b4     0x1c  ssl.o [9]
  .rodata             const    0x080602d0     0x1c  ssl.o [9]
  .rodata             const    0x080602ec     0x1c  ssl.o [9]
  .rodata             const    0x08060308     0x1c  ssl.o [9]
  .rodata             const    0x08060324     0x1c  ssl.o [9]
  .rodata             const    0x08060340     0x1c  ssl.o [9]
  .rodata             const    0x0806035c     0x1c  ssl.o [9]
  .rodata             const    0x08060378     0x1c  ssl.o [9]
  .rodata             const    0x08060394     0x1c  ssl.o [9]
  .rodata             const    0x080603b0     0x1c  ssl.o [9]
  .rodata             const    0x080603cc     0x1c  ssl.o [9]
  .rodata             const    0x080603e8     0x1c  ssl.o [9]
  .rodata             const    0x08060404     0x1c  ssl.o [9]
  .rodata             const    0x08060420     0x1c  ssl.o [9]
  .rodata             const    0x0806043c     0x1c  ssl.o [9]
  .rodata             const    0x08060458     0x1c  ssl.o [9]
  .rodata             const    0x08060474     0x1c  ssl.o [9]
  .rodata             const    0x08060490     0x1c  ssl.o [9]
  .rodata             const    0x080604ac     0x1c  ssl.o [9]
  .rodata             const    0x080604c8     0x1c  SDPCM.o [9]
  .rodata             const    0x080604e4     0x1c  mftest.o [9]
  .rodata             const    0x08060500     0x1c  smart_config.o [9]
  .rodata             const    0x0806051c     0x1c  smart_config.o [9]
  .rodata             const    0x08060538     0x1c  smart_config.o [9]
  .rodata             const    0x08060554     0x1c  smart_config.o [9]
  .rodata             const    0x08060570     0x1c  wwd_wifi.o [9]
  .rodata             const    0x0806058c     0x1c  asn.o [9]
  .rodata             const    0x080605a8     0x1c  asn.o [9]
  .rodata             const    0x080605c4     0x1c  asn.o [9]
  .rodata             const    0x080605e0     0x1c  asn.o [9]
  .rodata             const    0x080605fc     0x1c  asn.o [9]
  .rodata             const    0x08060618     0x1c  asn.o [9]
  .rodata             const    0x08060634     0x1c  asn.o [9]
  .rodata             const    0x08060650     0x1c  asn.o [9]
  .rodata             const    0x0806066c     0x1c  asn.o [9]
  .rodata             const    0x08060688     0x1c  internal.o [9]
  .rodata             const    0x080606a4     0x1c  internal.o [9]
  .rodata             const    0x080606c0     0x1c  internal.o [9]
  .rodata             const    0x080606dc     0x1c  internal.o [9]
  .rodata             const    0x080606f8     0x1c  internal.o [9]
  .rodata             const    0x08060714     0x1c  internal.o [9]
  .rodata             const    0x08060730     0x1c  internal.o [9]
  .rodata             const    0x0806074c     0x1c  internal.o [9]
  .rodata             const    0x08060768     0x1c  internal.o [9]
  .rodata             const    0x08060784     0x1c  internal.o [9]
  .rodata             const    0x080607a0     0x1c  internal.o [9]
  .rodata             const    0x080607bc     0x1c  internal.o [9]
  .rodata             const    0x080607d8     0x1c  internal.o [9]
  .rodata             const    0x080607f4     0x1c  internal.o [9]
  .rodata             const    0x08060810     0x1c  internal.o [9]
  .rodata             const    0x0806082c     0x1c  internal.o [9]
  .rodata             const    0x08060848     0x1c  internal.o [9]
  .rodata             const    0x08060864     0x1c  internal.o [9]
  .rodata             const    0x08060880     0x1c  keys.o [9]
  .text               ro code  0x0806089c     0x1c  crt0_EWARM.o [1]
  .text               ro code  0x080608b8     0x1a  cmain.o [10]
  .rodata             const    0x080608d4     0x18  sockets.o [9]
  .rodata             const    0x080608ec     0x18  sockets.o [9]
  .rodata             const    0x08060904     0x18  sockets.o [9]
  .rodata             const    0x0806091c     0x18  sockets.o [9]
  .rodata             const    0x08060934     0x18  wifimgr.o [9]
  .rodata             const    0x0806094c     0x18  wifimgr.o [9]
  .rodata             const    0x08060964     0x18  wifimgr.o [9]
  .rodata             const    0x0806097c     0x18  wifimgr.o [9]
  .rodata             const    0x08060994     0x18  wifimgr.o [9]
  .rodata             const    0x080609ac     0x18  wifimgr.o [9]
  .rodata             const    0x080609c4     0x18  wifimgr.o [9]
  .rodata             const    0x080609dc     0x18  wifimgr.o [9]
  .rodata             const    0x080609f4     0x18  wifimgr.o [9]
  .rodata             const    0x08060a0c     0x18  wifimgr.o [9]
  .rodata             const    0x08060a24     0x18  ssl_wrap.o [9]
  .rodata             const    0x08060a3c     0x18  ssl.o [9]
  .rodata             const    0x08060a54     0x18  ssl.o [9]
  .rodata             const    0x08060a6c     0x18  ssl.o [9]
  .rodata             const    0x08060a84     0x18  ssl.o [9]
  .rodata             const    0x08060a9c     0x18  ssl.o [9]
  .rodata             const    0x08060ab4     0x18  ssl.o [9]
  .rodata             const    0x08060acc     0x18  ssl.o [9]
  .rodata             const    0x08060ae4     0x18  ssl.o [9]
  .rodata             const    0x08060afc     0x18  ssl.o [9]
  .rodata             const    0x08060b14     0x18  ssl.o [9]
  .rodata             const    0x08060b2c     0x18  ssl.o [9]
  .rodata             const    0x08060b44     0x18  ssl.o [9]
  .rodata             const    0x08060b5c     0x18  ssl.o [9]
  .rodata             const    0x08060b74     0x18  ssl.o [9]
  .rodata             const    0x08060b8c     0x18  SDPCM.o [9]
  .rodata             const    0x08060ba4     0x18  SDPCM.o [9]
  .rodata             const    0x08060bbc     0x18  mftest.o [9]
  .rodata             const    0x08060bd4     0x18  mftest.o [9]
  .rodata             const    0x08060bec     0x18  mftest.o [9]
  .rodata             const    0x08060c04     0x18  smart_config.o [9]
  .rodata             const    0x08060c1c     0x18  smart_config.o [9]
  .rodata             const    0x08060c34     0x18  smart_config.o [9]
  .rodata             const    0x08060c4c     0x18  smart_config.o [9]
  .rodata             const    0x08060c64     0x18  smart_config.o [9]
  .rodata             const    0x08060c7c     0x18  smart_config.o [9]
  .rodata             const    0x08060c94     0x18  smart_config.o [9]
  .rodata             const    0x08060cac     0x18  smart_config.o [9]
  .rodata             const    0x08060cc4     0x18  smart_config.o [9]
  .rodata             const    0x08060cdc     0x18  asn.o [9]
  .rodata             const    0x08060cf4     0x18  asn.o [9]
  .rodata             const    0x08060d0c     0x18  asn.o [9]
  .rodata             const    0x08060d24     0x18  asn.o [9]
  .rodata             const    0x08060d3c     0x18  asn.o [9]
  .rodata             const    0x08060d54     0x18  internal.o [9]
  .rodata             const    0x08060d6c     0x18  internal.o [9]
  .rodata             const    0x08060d84     0x18  internal.o [9]
  .rodata             const    0x08060d9c     0x18  internal.o [9]
  .rodata             const    0x08060db4     0x18  internal.o [9]
  .rodata             const    0x08060dcc     0x18  internal.o [9]
  .rodata             const    0x08060de4     0x18  internal.o [9]
  .rodata             const    0x08060dfc     0x18  internal.o [9]
  .rodata             const    0x08060e14     0x18  internal.o [9]
  .rodata             const    0x08060e2c     0x18  internal.o [9]
  .rodata             const    0x08060e44     0x18  internal.o [9]
  .rodata             const    0x08060e5c     0x18  internal.o [9]
  .rodata             const    0x08060e74     0x18  internal.o [9]
  .rodata             const    0x08060e8c     0x18  internal.o [9]
  .rodata             const    0x08060ea4     0x18  internal.o [9]
  .rodata             const    0x08060ebc     0x18  internal.o [9]
  .rodata             const    0x08060ed4     0x18  internal.o [9]
  .rodata             const    0x08060eec     0x18  internal.o [9]
  .rodata             const    0x08060f04     0x18  internal.o [9]
  .rodata             const    0x08060f1c     0x18  internal.o [9]
  .rodata             const    0x08060f34     0x18  io.o [9]
  .rodata             const    0x08060f4c     0x18  io.o [9]
  .rodata             const    0x08060f64     0x18  io.o [9]
  .rodata             const    0x08060f7c     0x18  io.o [9]
  .text               ro code  0x08060f94     0x16  xprout.o [5]
  .text               ro code  0x08060fac      0xc  putchar.o [5]
  .rodata             const    0x08060fb8     0x14  wifimgr.o [9]
  .rodata             const    0x08060fcc     0x14  wifimgr.o [9]
  .rodata             const    0x08060fe0     0x14  wifimgr.o [9]
  .rodata             const    0x08060ff4     0x14  wifimgr.o [9]
  .rodata             const    0x08061008     0x14  wifimgr.o [9]
  .rodata             const    0x0806101c     0x14  wifimgr.o [9]
  .rodata             const    0x08061030     0x14  wifimgr.o [9]
  .rodata             const    0x08061044     0x14  wifimgr.o [9]
  .rodata             const    0x08061058     0x14  wifimgr.o [9]
  .rodata             const    0x0806106c     0x14  wifimgr.o [9]
  .rodata             const    0x08061080     0x14  wifimgr.o [9]
  .rodata             const    0x08061094     0x14  wifimgr.o [9]
  .rodata             const    0x080610a8     0x14  wifimgr.o [9]
  .rodata             const    0x080610bc     0x14  wifimgr.o [9]
  .rodata             const    0x080610d0     0x14  wifimgr.o [9]
  .rodata             const    0x080610e4     0x14  wifimgr.o [9]
  .rodata             const    0x080610f8     0x14  wifimgr.o [9]
  .rodata             const    0x0806110c     0x14  wifimgr.o [9]
  .rodata             const    0x08061120     0x14  ssl.o [9]
  .rodata             const    0x08061134     0x14  ssl.o [9]
  .rodata             const    0x08061148     0x14  ssl.o [9]
  .rodata             const    0x0806115c     0x14  ssl.o [9]
  .rodata             const    0x08061170     0x14  ssl.o [9]
  .rodata             const    0x08061184     0x14  ssl.o [9]
  .rodata             const    0x08061198     0x14  ssl.o [9]
  .rodata             const    0x080611ac     0x14  ssl.o [9]
  .rodata             const    0x080611c0     0x14  SDPCM.o [9]
  .rodata             const    0x080611d4     0x14  mftest.o [9]
  .rodata             const    0x080611e8     0x14  mftest.o [9]
  .rodata             const    0x080611fc     0x14  logging.o [9]
  .rodata             const    0x08061210     0x14  tasks.o [9]
  .rodata             const    0x08061224     0x14  tasks.o [9]
  .rodata             const    0x08061238     0x14  smart_config.o [9]
  .rodata             const    0x0806124c     0x14  smart_config.o [9]
  .rodata             const    0x08061260     0x14  smart_config.o [9]
  .rodata             const    0x08061274     0x14  smart_config.o [9]
  .rodata             const    0x08061288     0x14  smart_config.o [9]
  .rodata             const    0x0806129c     0x14  aes_wrap.o [9]
  .rodata             const    0x080612b0     0x14  dns.o [9]
  .rodata             const    0x080612c4     0x14  wwd_wifi.o [9]
  .rodata             const    0x080612d8     0x14  wwd_wifi.o [9]
  .rodata             const    0x080612ec     0x14  wiced_network.o [9]
  .rodata             const    0x08061300     0x14  asn.o [9]
  .rodata             const    0x08061314     0x14  asn.o [9]
  .rodata             const    0x08061328     0x14  asn.o [9]
  .rodata             const    0x0806133c     0x14  asn.o [9]
  .rodata             const    0x08061350     0x14  asn.o [9]
  .rodata             const    0x08061364     0x14  asn.o [9]
  .rodata             const    0x08061378     0x14  asn.o [9]
  .rodata             const    0x0806138c     0x14  asn.o [9]
  .rodata             const    0x080613a0     0x14  internal.o [9]
  .rodata             const    0x080613b4     0x14  internal.o [9]
  .rodata             const    0x080613c8     0x14  internal.o [9]
  .rodata             const    0x080613dc     0x14  internal.o [9]
  .rodata             const    0x080613f0     0x14  internal.o [9]
  .rodata             const    0x08061404     0x14  internal.o [9]
  .rodata             const    0x08061418     0x14  internal.o [9]
  .rodata             const    0x0806142c     0x14  internal.o [9]
  .rodata             const    0x08061440     0x14  internal.o [9]
  .rodata             const    0x08061454     0x14  internal.o [9]
  .rodata             const    0x08061468     0x14  internal.o [9]
  .rodata             const    0x0806147c     0x14  internal.o [9]
  .rodata             const    0x08061490     0x14  internal.o [9]
  .rodata             const    0x080614a4     0x14  io.o [9]
  .rodata             const    0x080614b8     0x14  io.o [9]
  .rodata             const    0x080614cc     0x14  io.o [9]
  .rodata             const    0x080614e0     0x14  io.o [9]
  .rodata             const    0x080614f4     0x14  io.o [9]
  .text               ro code  0x08061508     0x12  startup_stm32f411xe_IAR.o [1]
  .rodata             const    0x0806151c     0x10  mico_config.o [1]
  .rodata             const    0x0806152c     0x10  wiced_rtos.o [9]
  .rodata             const    0x0806153c     0x10  wiced_rtos.o [9]
  .rodata             const    0x0806154c     0x10  mxchipWNET.o [9]
  .rodata             const    0x0806155c     0x10  mxchipWNET.o [9]
  .rodata             const    0x0806156c     0x10  wifimgr.o [9]
  .rodata             const    0x0806157c     0x10  wifimgr.o [9]
  .rodata             const    0x0806158c     0x10  wifimgr.o [9]
  .rodata             const    0x0806159c     0x10  wifimgr.o [9]
  .rodata             const    0x080615ac     0x10  wifimgr.o [9]
  .rodata             const    0x080615bc     0x10  wifimgr.o [9]
  .rodata             const    0x080615cc     0x10  wifimgr.o [9]
  .rodata             const    0x080615dc     0x10  wifimgr.o [9]
  .rodata             const    0x080615ec     0x10  wifimgr.o [9]
  .rodata             const    0x080615fc     0x10  wifimgr.o [9]
  .rodata             const    0x0806160c     0x10  wifimgr.o [9]
  .rodata             const    0x0806161c     0x10  wifimgr.o [9]
  .rodata             const    0x0806162c     0x10  ssl.o [9]
  .rodata             const    0x0806163c     0x10  ssl.o [9]
  .rodata             const    0x0806164c     0x10  ssl.o [9]
  .rodata             const    0x0806165c     0x10  ssl.o [9]
  .rodata             const    0x0806166c     0x10  ssl.o [9]
  .rodata             const    0x0806167c     0x10  ssl.o [9]
  .rodata             const    0x0806168c     0x10  ssl.o [9]
  .rodata             const    0x0806169c     0x10  ssl.o [9]
  .rodata             const    0x080616ac     0x10  ssl.o [9]
  .rodata             const    0x080616bc     0x10  ssl.o [9]
  .rodata             const    0x080616cc     0x10  SDPCM.o [9]
  .rodata             const    0x080616dc     0x10  memp.o [9]
  .rodata             const    0x080616ec     0x10  memp.o [9]
  .rodata             const    0x080616fc     0x10  memp.o [9]
  .rodata             const    0x0806170c     0x10  memp.o [9]
  .rodata             const    0x0806171c     0x10  memp.o [9]
  .rodata             const    0x0806172c     0x10  memp.o [9]
  .rodata             const    0x0806173c     0x10  mftest.o [9]
  .rodata             const    0x0806174c     0x10  mftest.o [9]
  .rodata             const    0x0806175c     0x10  smart_config.o [9]
  .rodata             const    0x0806176c     0x10  smart_config.o [9]
  .rodata             const    0x0806177c     0x10  smart_config.o [9]
  .rodata             const    0x0806178c     0x10  smart_config.o [9]
  .rodata             const    0x0806179c     0x10  smart_config.o [9]
  .rodata             const    0x080617ac     0x10  smart_config.o [9]
  .rodata             const    0x080617bc     0x10  smart_config.o [9]
  .rodata             const    0x080617cc     0x10  smart_config.o [9]
  .rodata             const    0x080617dc     0x10  smart_config.o [9]
  .rodata             const    0x080617ec     0x10  dns.o [9]
  .rodata             const    0x080617fc     0x10  tcp.o [9]
  .rodata             const    0x0806180c     0x10  wwd_wifi.o [9]
  .rodata             const    0x0806181c     0x10  wwd_wifi.o [9]
  .rodata             const    0x0806182c     0x10  wwd_wifi.o [9]
  .rodata             const    0x0806183c     0x10  wwd_wifi.o [9]
  .rodata             const    0x0806184c     0x10  wifi.o [9]
  .rodata             const    0x0806185c     0x10  lwiptcpip.o [9]
  .rodata             const    0x0806186c     0x10  wwd_ap.o [9]
  .rodata             const    0x0806187c     0x10  tls.o [9]
  .rodata             const    0x0806188c     0x10  tls.o [9]
  .rodata             const    0x0806189c     0x10  tls.o [9]
  .rodata             const    0x080618ac     0x10  tls.o [9]
  .rodata             const    0x080618bc     0x10  asn.o [9]
  .rodata             const    0x080618cc     0x10  asn.o [9]
  .rodata             const    0x080618dc     0x10  asn.o [9]
  .rodata             const    0x080618ec     0x10  asn.o [9]
  .rodata             const    0x080618fc     0x10  asn.o [9]
  .rodata             const    0x0806190c     0x10  asn.o [9]
  .rodata             const    0x0806191c     0x10  asn.o [9]
  .rodata             const    0x0806192c     0x10  asn.o [9]
  .rodata             const    0x0806193c     0x10  asn.o [9]
  .rodata             const    0x0806194c     0x10  asn.o [9]
  .rodata             const    0x0806195c     0x10  asn.o [9]
  .rodata             const    0x0806196c     0x10  internal.o [9]
  .rodata             const    0x0806197c     0x10  internal.o [9]
  .rodata             const    0x0806198c     0x10  internal.o [9]
  .rodata             const    0x0806199c     0x10  internal.o [9]
  .rodata             const    0x080619ac     0x10  internal.o [9]
  .rodata             const    0x080619bc     0x10  internal.o [9]
  .rodata             const    0x080619cc     0x10  internal.o [9]
  .rodata             const    0x080619dc     0x10  internal.o [9]
  .rodata             const    0x080619ec     0x10  internal.o [9]
  .rodata             const    0x080619fc     0x10  internal.o [9]
  .rodata             const    0x08061a0c     0x10  internal.o [9]
  .rodata             const    0x08061a1c     0x10  internal.o [9]
  .rodata             const    0x08061a2c     0x10  internal.o [9]
  .rodata             const    0x08061a3c     0x10  internal.o [9]
  .rodata             const    0x08061a4c     0x10  internal.o [9]
  .rodata             const    0x08061a5c     0x10  internal.o [9]
  .rodata             const    0x08061a6c     0x10  internal.o [9]
  .rodata             const    0x08061a7c     0x10  internal.o [9]
  .rodata             const    0x08061a8c     0x10  internal.o [9]
  .rodata             const    0x08061a9c     0x10  internal.o [9]
  .rodata             const    0x08061aac     0x10  des3.o [9]
  .rodata             const    0x08061abc     0x10  io.o [9]
  .rodata             const    0x08061acc     0x10  io.o [9]
  .rodata             const    0x08061adc      0xc  wiced_rtos.o [9]
  .rodata             const    0x08061ae8      0xc  wifimgr.o [9]
  .rodata             const    0x08061af4      0xc  wifimgr.o [9]
  .rodata             const    0x08061b00      0xc  wifimgr.o [9]
  .rodata             const    0x08061b0c      0xc  wifimgr.o [9]
  .rodata             const    0x08061b18      0xc  wifimgr.o [9]
  .rodata             const    0x08061b24      0xc  wifimgr.o [9]
  .rodata             const    0x08061b30      0xc  wifimgr.o [9]
  .rodata             const    0x08061b3c      0xc  wifimgr.o [9]
  .rodata             const    0x08061b48      0xc  wifimgr.o [9]
  .rodata             const    0x08061b54      0xc  wifimgr.o [9]
  .rodata             const    0x08061b60      0xc  wifimgr.o [9]
  .rodata             const    0x08061b6c      0xc  wifimgr.o [9]
  .rodata             const    0x08061b78      0xc  ssl.o [9]
  .rodata             const    0x08061b84      0xc  ssl.o [9]
  .rodata             const    0x08061b90      0xc  ssl.o [9]
  .rodata             const    0x08061b9c      0xc  ssl.o [9]
  .rodata             const    0x08061ba8      0xc  ssl.o [9]
  .rodata             const    0x08061bb4      0xc  ssl.o [9]
  .rodata             const    0x08061bc0      0xc  memp.o [9]
  .rodata             const    0x08061bcc      0xc  memp.o [9]
  .rodata             const    0x08061bd8      0xc  memp.o [9]
  .rodata             const    0x08061be4      0xc  wwd_thread.o [9]
  .rodata             const    0x08061bf0      0xc  smart_config.o [9]
  .rodata             const    0x08061bfc      0xc  smart_config.o [9]
  .rodata             const    0x08061c08      0xc  smart_config.o [9]
  .rodata             const    0x08061c14      0xc  smart_config.o [9]
  .rodata             const    0x08061c20      0xc  smart_config.o [9]
  .rodata             const    0x08061c2c      0xc  smart_config.o [9]
  .rodata             const    0x08061c38      0xc  smart_config.o [9]
  .rodata             const    0x08061c44      0xc  smart_config.o [9]
  .rodata             const    0x08061c50      0xc  smart_config.o [9]
  .rodata             const    0x08061c5c      0xc  smart_config.o [9]
  .rodata             const    0x08061c68      0xc  smart_config.o [9]
  .rodata             const    0x08061c74      0xc  smart_config.o [9]
  .rodata             const    0x08061c80      0xc  smart_config.o [9]
  .rodata             const    0x08061c8c      0xc  smart_config.o [9]
  .rodata             const    0x08061c98      0xc  smart_config.o [9]
  .rodata             const    0x08061ca4      0xc  smart_config.o [9]
  .rodata             const    0x08061cb0      0xc  smart_config.o [9]
  .rodata             const    0x08061cbc      0xc  smart_config.o [9]
  .rodata             const    0x08061cc8      0xc  smart_config.o [9]
  .rodata             const    0x08061cd4      0xc  smart_config.o [9]
  .rodata             const    0x08061ce0      0xc  smart_config.o [9]
  .rodata             const    0x08061cec      0xc  smart_config.o [9]
  .rodata             const    0x08061cf8      0xc  smart_config.o [9]
  .rodata             const    0x08061d04      0xc  smart_config.o [9]
  .rodata             const    0x08061d10      0xc  smart_config.o [9]
  .rodata             const    0x08061d1c      0xc  smart_config.o [9]
  .rodata             const    0x08061d28      0xc  smart_config.o [9]
  .rodata             const    0x08061d34      0xc  dns.o [9]
  .rodata             const    0x08061d40      0xc  dns.o [9]
  .rodata             const    0x08061d4c      0xc  dns.o [9]
  .rodata             const    0x08061d58      0xc  wwd_wifi.o [9]
  .rodata             const    0x08061d64      0xc  wwd_wifi.o [9]
  .rodata             const    0x08061d70      0xc  wwd_wifi.o [9]
  .rodata             const    0x08061d7c      0xc  wwd_wifi.o [9]
  .rodata             const    0x08061d88      0xc  tcp_in.o [9]
  .rodata             const    0x08061d94      0xc  wwd_management.o [9]
  .rodata             const    0x08061da0      0xc  wwd_management.o [9]
  .rodata             const    0x08061dac      0xc  dns_redirect.o [9]
  .rodata             const    0x08061db8      0xc  dns_redirect.o [9]
  .rodata             const    0x08061dc4      0xc  wwd_ap.o [9]
  .rodata             const    0x08061dd0      0xc  wwd_ap.o [9]
  .rodata             const    0x08061ddc      0xc  wwd_ap.o [9]
  .rodata             const    0x08061de8      0xc  asn.o [9]
  .rodata             const    0x08061df4      0xc  asn.o [9]
  .rodata             const    0x08061e00      0xc  asn.o [9]
  .rodata             const    0x08061e0c      0xc  asn.o [9]
  .rodata             const    0x08061e18      0xc  asn.o [9]
  .rodata             const    0x08061e24      0xc  asn.o [9]
  .rodata             const    0x08061e30      0xc  asn.o [9]
  .rodata             const    0x08061e3c      0xc  asn.o [9]
  .rodata             const    0x08061e48      0xc  asn.o [9]
  .rodata             const    0x08061e54      0xc  asn.o [9]
  .rodata             const    0x08061e60      0xc  asn.o [9]
  .rodata             const    0x08061e6c      0xc  asn.o [9]
  .rodata             const    0x08061e78      0xc  internal.o [9]
  .rodata             const    0x08061e84      0xc  internal.o [9]
  .rodata             const    0x08061e90      0xc  internal.o [9]
  .rodata             const    0x08061e9c      0xc  internal.o [9]
  .rodata             const    0x08061ea8      0xc  internal.o [9]
  .rodata             const    0x08061eb4      0xc  internal.o [9]
  .rodata             const    0x08061ec0      0xc  internal.o [9]
  .rodata             const    0x08061ecc      0xc  wwd_internal.o [9]
  .rodata             const    0x08061ed8      0xc  dhcp_server.o [9]
  .rodata             const    0x08061ee4      0xc  wiced_lib.o [9]
  .text               ro code  0x08061ef0      0xc  cstartup_M.o [10]
  .rodata             const    0x08061efc      0x8  wiced_rtos.o [9]
  .rodata             const    0x08061f04      0x8  sockets.o [9]
  .rodata             const    0x08061f0c      0x8  sockets.o [9]
  .rodata             const    0x08061f14      0x8  sockets.o [9]
  .rodata             const    0x08061f1c      0x8  sockets.o [9]
  .rodata             const    0x08061f24      0x8  sockets.o [9]
  .rodata             const    0x08061f2c      0x8  sockets.o [9]
  .rodata             const    0x08061f34      0x8  wifimgr.o [9]
  .rodata             const    0x08061f3c      0x8  wifimgr.o [9]
  .rodata             const    0x08061f44      0x8  wifimgr.o [9]
  .rodata             const    0x08061f4c      0x8  wifimgr.o [9]
  .rodata             const    0x08061f54      0x8  wifimgr.o [9]
  .rodata             const    0x08061f5c      0x8  wifimgr.o [9]
  .rodata             const    0x08061f64      0x8  wifimgr.o [9]
  .rodata             const    0x08061f6c      0x8  wifimgr.o [9]
  .rodata             const    0x08061f74      0x8  wifimgr.o [9]
  .rodata             const    0x08061f7c      0x8  wifimgr.o [9]
  .rodata             const    0x08061f84      0x8  wifimgr.o [9]
  .rodata             const    0x08061f8c      0x8  wifimgr.o [9]
  .rodata             const    0x08061f94      0x8  wifimgr.o [9]
  .rodata             const    0x08061f9c      0x8  wifimgr.o [9]
  .rodata             const    0x08061fa4      0x8  ssl.o [9]
  .rodata             const    0x08061fac      0x8  ssl.o [9]
  .rodata             const    0x08061fb4      0x8  ssl.o [9]
  .rodata             const    0x08061fbc      0x8  memp.o [9]
  .rodata             const    0x08061fc4      0x8  memp.o [9]
  .rodata             const    0x08061fcc      0x8  memp.o [9]
  .rodata             const    0x08061fd4      0x8  memp.o [9]
  .rodata             const    0x08061fdc      0x8  memp.o [9]
  .rodata             const    0x08061fe4      0x8  memp.o [9]
  .rodata             const    0x08061fec      0x8  memp.o [9]
  .rodata             const    0x08061ff4      0x8  memp.o [9]
  .rodata             const    0x08061ffc      0x8  ostimers.o [9]
  .rodata             const    0x08062004      0x8  tasks.o [9]
  .rodata             const    0x0806200c      0x8  smart_config.o [9]
  .rodata             const    0x08062014      0x8  smart_config.o [9]
  .rodata             const    0x0806201c      0x8  smart_config.o [9]
  .rodata             const    0x08062024      0x8  dns.o [9]
  .rodata             const    0x0806202c      0x8  dns.o [9]
  .rodata             const    0x08062034      0x8  tcp.o [9]
  .rodata             const    0x0806203c      0x8  wwd_wifi.o [9]
  .rodata             const    0x08062044      0x8  wwd_wifi.o [9]
  .rodata             const    0x0806204c      0x8  wwd_wifi.o [9]
  .rodata             const    0x08062054      0x8  wwd_wifi.o [9]
  .rodata             const    0x0806205c      0x8  wwd_wifi.o [9]
  .rodata             const    0x08062064      0x8  tcp_in.o [9]
  .rodata             const    0x0806206c      0x8  tcp_in.o [9]
  .rodata             const    0x08062074      0x8  tcp_in.o [9]
  .rodata             const    0x0806207c      0x8  tcp_in.o [9]
[...]
vanwardSrv_thread       0x08059ec5   0x638  Code  Gb  RemoteTcpClient.o [1]
vprintf                 0x08054509    0x18  Code  Gb  vprintf.o [5]
vsnprintf               0x0804dc35    0x3c  Code  Gb  vsnprint.o [5]
vsprintf                0x080537e9    0x2c  Code  Gb  vsprintf.o [5]
wiced_abort_read        0x0803ebbb    0x4e  Code  Gb  wwd_bus_protocol.o [9]
wiced_bus_allow_wlan_bus_to_sleep
                        0x0803ecd9    0x22  Code  Gb  wwd_bus_protocol.o [9]
wiced_bus_deinit        0x0803e6f5    0x14  Code  Gb  wwd_bus_protocol.o [9]
wiced_bus_ensure_wlan_bus_is_up
                        0x0803ec3b    0x72  Code  Gb  wwd_bus_protocol.o [9]
wiced_bus_flow_controlled
                        0x2000ac75     0x1  Data  Lc  wwd_bus_protocol.o [9]
wiced_bus_init          0x0803e3f1   0x304  Code  Gb  wwd_bus_protocol.o [9]
wiced_bus_interrupt     0x2000ac61     0x1  Data  Lc  wwd_thread.o [9]
wiced_bus_is_flow_controlled
                        0x0803ecd3     0x6  Code  Gb  wwd_bus_protocol.o [9]
wiced_bus_poke_wlan     0x0803ecad     0xe  Code  Gb  wwd_bus_protocol.o [9]
wiced_bus_process_interrupt
                        0x0803e709    0x22  Code  Gb  wwd_bus_protocol.o [9]
wiced_bus_set_flow_control
                        0x0803ecbb    0x18  Code  Gb  wwd_bus_protocol.o [9]
wiced_bus_transfer_buffer
                        0x0803e3b9    0x38  Code  Gb  wwd_bus_protocol.o [9]
wiced_bus_transfer_bytes
                        0x0803e911    0x16  Code  Gb  wwd_bus_protocol.o [9]
wiced_device_core_is_up
                        0x0804b011    0x5c  Code  Gb  wwd_internal.o [9]
wiced_dhcp_handle       0x2000a48c    0x3c  Data  Gb  wiced_network.o [9]
wiced_disable_device_core
                        0x0804b06d    0x9e  Code  Gb  wwd_internal.o [9]
wiced_dns_redirector_start
                        0x08039b4d    0x42  Code  Gb  dns_redirect.o [9]
wiced_dns_redirector_stop
                        0x08039b8f    0x30  Code  Gb  dns_redirect.o [9]
wiced_download_firmware
                        0x0803eac1    0xfa  Code  Lc  wwd_bus_protocol.o [9]
wiced_get_available_bus_credits
                        0x0803acc7     0xe  Code  Gb  SDPCM.o [9]
wiced_get_core_address  0x0804b005     0xc  Code  Lc  wwd_internal.o [9]
wiced_get_ioctl_buffer  0x0803abdd    0x26  Code  Gb  SDPCM.o [9]
wiced_get_iovar_buffer  0x0803ab75    0x68  Code  Gb  SDPCM.o [9]
wiced_get_mac_addr      0x08033289    0x10  Code  Gb  wwd_management.o [9]
wiced_get_next_buffer_in_queue
                        0x0803ad65     0xa  Code  Lc  SDPCM.o [9]
wiced_get_packet_to_send
                        0x0803ac03    0xc4  Code  Gb  SDPCM.o [9]
wiced_handle_apsta_event
                        0x08039d15    0x2e  Code  Lc  wwd_ap.o [9]
wiced_init              0x0802a949    0x84  Code  Gb  wifi.o [9]
wiced_init_sdpcm        0x0803a20d    0xe4  Code  Gb  SDPCM.o [9]
wiced_inited            0x2000ac60     0x1  Data  Lc  wwd_thread.o [9]
wiced_initialised       0x2000ac6d     0x1  Data  Lc  wifi.o [9]
wiced_ioctl_response    0x2000aa7c     0x4  Data  Lc  SDPCM.o [9]
wiced_ioctl_sleep       0x2000aa80     0x4  Data  Lc  SDPCM.o [9]
wiced_ip_broadcast      0x080612ec    0x14  Data  Gb  wiced_network.o [9]
wiced_ip_down           0x08039a09    0x7e  Code  Gb  wiced_network.o [9]
wiced_ip_get_gateway_address
                        0x0802d419    0x24  Code  Gb  tcpip.o [9]
wiced_ip_get_ipaddr     0x0802d461    0x56  Code  Gb  tcpip.o [9]
wiced_ip_get_ipv4_address
                        0x0802d7db    0x24  Code  Gb  tcpip.o [9]
wiced_ip_get_netmask    0x0802d43d    0x24  Code  Gb  tcpip.o [9]
wiced_ip_handle         0x20009c60    0x88  Data  Gb  wiced_network.o [9]
wiced_ip_up             0x08039799   0x270  Code  Gb  wiced_network.o [9]
wiced_join_events_handler
                        0x0802fb59   0x12a  Code  Lc  wwd_wifi.o [9]
wiced_join_status       0x2000ab98     0x4  Data  Gb  wwd_wifi.o [9]
wiced_mac_addr          0x2000a9d0     0x8  Data  Lc  wwd_management.o [9]
wiced_management_init   0x08033075    0x1e  Code  Gb  wwd_management.o [9]
wiced_management_set_event_handler
                        0x0803a9e1     0xa  Code  Gb  SDPCM.o [9]
wiced_management_wifi_off
                        0x08033239    0x50  Code  Gb  wwd_management.o [9]
wiced_management_wifi_on
                        0x08033093   0x1a6  Code  Gb  wwd_management.o [9]
wiced_network_init      0x080396c9    0x96  Code  Gb  wiced_network.o [9]
wiced_network_link_renew_handler
                        0x08039a87    0x18  Code  Gb  wiced_network.o [9]
wiced_network_resume    0x08039785    0x14  Code  Gb  wiced_network.o [9]
wiced_network_send_ethernet_data
                        0x0803a36f    0x8a  Code  Gb  SDPCM.o [9]
wiced_network_suspend   0x08039771    0x14  Code  Gb  wiced_network.o [9]
wiced_networking_worker_thread
                        0x2000a988     0x8  Data  Gb  wiced_rtos.o [9]
wiced_packet_create_tcp
                        0x0802d6ab    0x6c  Code  Gb  tcpip.o [9]
wiced_packet_create_udp
                        0x0802d717    0x12  Code  Gb  tcpip.o [9]
wiced_packet_delete     0x0802d729     0xa  Code  Gb  tcpip.o [9]
wiced_packet_get_data   0x0802d765    0x76  Code  Gb  tcpip.o [9]
wiced_packet_set_data_end
                        0x0802d733    0x16  Code  Gb  tcpip.o [9]
wiced_ping              0x0802d3f1    0x28  Code  Gb  tcpip.o [9]
wiced_ping_send         0x0803cc39    0x8c  Code  Gb  wiced_ping.o [9]
wiced_process_bus_credit_update
                        0x0803a3f9    0x72  Code  Gb  SDPCM.o [9]
wiced_process_sdpcm     0x0803a46b   0x372  Code  Gb  SDPCM.o [9]
wiced_quit_sdpcm        0x0803a2f1    0x4e  Code  Gb  SDPCM.o [9]
wiced_read_backplane_value
                        0x0803e8bd    0x36  Code  Gb  wwd_bus_protocol.o [9]
wiced_read_frame        0x0803e72b   0x160  Code  Gb  wwd_bus_protocol.o [9]
wiced_read_register_value
                        0x0803ec09    0x32  Code  Lc  wwd_bus_protocol.o [9]
wiced_receive_one_packet
                        0x0803ee03    0x38  Code  Gb  wwd_thread.o [9]
wiced_reset_device_core
                        0x0804b10b    0x9e  Code  Gb  wwd_internal.o [9]
wiced_rtos_create_thread
                        0x08025331    0x4e  Code  Gb  wiced_rtos.o [9]
wiced_rtos_create_worker_thread
                        0x080255cb    0x5a  Code  Gb  wiced_rtos.o [9]
wiced_rtos_deinit_queue
                        0x0802550b     0xc  Code  Gb  wiced_rtos.o [9]
wiced_rtos_deinit_semaphore
                        0x08025493    0x16  Code  Gb  wiced_rtos.o [9]
wiced_rtos_deinit_timer
                        0x0802558d    0x22  Code  Gb  wiced_rtos.o [9]
wiced_rtos_delay_milliseconds
                        0x080253e1     0xa  Code  Gb  wiced_rtos.o [9]
wiced_rtos_delete_thread
                        0x0802537f    0x24  Code  Gb  wiced_rtos.o [9]
wiced_rtos_deregister_timed_event
                        0x0802566d    0x24  Code  Gb  wiced_rtos.o [9]
wiced_rtos_get_semaphore
                        0x0802542b    0x22  Code  Gb  wiced_rtos.o [9]
wiced_rtos_init         0x0802530f    0x22  Code  Gb  wiced_rtos.o [9]
wiced_rtos_init_queue   0x080254a9    0x1e  Code  Gb  wiced_rtos.o [9]
wiced_rtos_init_semaphore
                        0x08025409    0x22  Code  Gb  wiced_rtos.o [9]
wiced_rtos_init_timer   0x0802552d    0x36  Code  Gb  wiced_rtos.o [9]
wiced_rtos_is_current_thread
                        0x080253bd    0x18  Code  Gb  wiced_rtos.o [9]
wiced_rtos_pop_from_queue
                        0x080254e9    0x22  Code  Gb  wiced_rtos.o [9]
wiced_rtos_push_to_queue
                        0x080254c7    0x22  Code  Gb  wiced_rtos.o [9]
wiced_rtos_register_timed_event
                        0x08025625    0x48  Code  Gb  wiced_rtos.o [9]
wiced_rtos_send_asynchronous_event
                        0x08025691    0x14  Code  Gb  wiced_rtos.o [9]
wiced_rtos_set_semaphore
                        0x0802544d    0x46  Code  Gb  wiced_rtos.o [9]
wiced_rtos_start_timer  0x08025563    0x2a  Code  Gb  wiced_rtos.o [9]
wiced_rtos_thread_force_awake
                        0x080253d5     0xc  Code  Gb  wiced_rtos.o [9]
wiced_rtos_thread_join  0x080253a3    0x1a  Code  Gb  wiced_rtos.o [9]
wiced_sdio_redirect_oob_interrupt
                        0x0803ecfb    0x36  Code  Lc  wwd_bus_protocol.o [9]
wiced_sdio_transfer     0x0803e927    0x92  Code  Lc  wwd_bus_protocol.o [9]
wiced_sdpcm_ioctl_mutex
                        0x2000aa78     0x4  Data  Lc  SDPCM.o [9]
wiced_sdpcm_send_queue_head
                        0x2000aa8c     0x4  Data  Lc  SDPCM.o [9]
wiced_sdpcm_send_queue_mutex
                        0x2000aa88     0x4  Data  Lc  SDPCM.o [9]
wiced_sdpcm_send_queue_tail
                        0x2000aa90     0x4  Data  Lc  SDPCM.o [9]
wiced_send_ioctl        0x0803a7e1   0x200  Code  Gb  SDPCM.o [9]
wiced_send_iovar        0x0803a33f    0x30  Code  Gb  SDPCM.o [9]
wiced_send_one_packet   0x0803edc3    0x40  Code  Gb  wwd_thread.o [9]
wiced_send_sdpcm_common
                        0x0803acd5    0x90  Code  Lc  SDPCM.o [9]
wiced_set_backplane_window
                        0x0804af5d    0xa8  Code  Gb  wwd_internal.o [9]
wiced_set_next_buffer_in_queue
                        0x0803ad6f     0xe  Code  Lc  SDPCM.o [9]
wiced_start_dhcp_server
                        0x0804a551    0x58  Code  Gb  dhcp_server.o [9]
wiced_stop_dhcp         0x08039a9f     0x8  Code  Gb  wiced_network.o [9]
wiced_stop_dhcp_server  0x0804a5a9    0x2a  Code  Gb  dhcp_server.o [9]
wiced_tcp_bind          0x0802d5bf    0x4a  Code  Gb  tcpip.o [9]
wiced_tcp_connect       0x0802d515    0xaa  Code  Gb  tcpip.o [9]
wiced_tcp_create_socket
                        0x0802d4b7    0x5e  Code  Gb  tcpip.o [9]
wiced_tcp_send_packet   0x0802d609    0x20  Code  Gb  tcpip.o [9]
wiced_tcp_start_tls     0x0803cdcf     0x6  Code  Gb  mxchipbesl.o [9]
wiced_thread            0x2000aab0     0x4  Data  Lc  wwd_thread.o [9]
wiced_thread_func       0x0803ee9d   0x108  Code  Lc  wwd_thread.o [9]
wiced_thread_init       0x0803ed75    0x4e  Code  Gb  wwd_thread.o [9]
wiced_thread_notify     0x0803ee85    0x14  Code  Gb  wwd_thread.o [9]
wiced_thread_quit       0x0803ee3b    0x28  Code  Gb  wwd_thread.o [9]
wiced_thread_quit_flag  0x2000ac5f     0x1  Data  Lc  wwd_thread.o [9]
wiced_time_get_time     0x080253eb    0x1e  Code  Gb  wiced_rtos.o [9]
wiced_time_offset       0x2000aa00     0x4  Data  Lc  wiced_rtos.o [9]
wiced_tls_encrypt_packet
                        0x0803cdc9     0x6  Code  Gb  mxchipbesl.o [9]
wiced_transceive_semaphore
                        0x2000aab4     0x4  Data  Lc  wwd_thread.o [9]
wiced_udp_create_socket
                        0x0802d7ff    0x7c  Code  Gb  tcpip.o [9]
wiced_udp_delete_socket
                        0x0802d935    0x1e  Code  Gb  tcpip.o [9]
wiced_udp_packet_get_info
                        0x0802d749    0x1c  Code  Gb  tcpip.o [9]
wiced_udp_receive       0x0802d8f7    0x3e  Code  Gb  tcpip.o [9]
wiced_udp_send          0x0802d87b    0x7c  Code  Gb  tcpip.o [9]
wiced_using_dhcp        0x2000ac71     0x1  Data  Lc  wiced_network.o [9]
wiced_wifi_add_packet_filter
                        0x08030285    0x86  Code  Gb  wwd_wifi.o [9]
wiced_wifi_ap_is_up     0x2000ac73     0x1  Data  Gb  wwd_ap.o [9]
wiced_wifi_disable_monitor_mode
                        0x08030139    0x5c  Code  Gb  wwd_wifi.o [9]
wiced_wifi_enable_monitor_mode
                        0x080300d5    0x5c  Code  Gb  wwd_wifi.o [9]
wiced_wifi_enable_packet_filter
                        0x0803033f     0xc  Code  Gb  wwd_wifi.o [9]
wiced_wifi_enable_powersave_with_throughput
                        0x0802fd81    0x8a  Code  Gb  wwd_wifi.o [9]
wiced_wifi_get_ap_name  0x08030389    0x72  Code  Gb  wwd_wifi.o [9]
wiced_wifi_get_channel  0x080301bd     0xc  Code  Gb  wwd_wifi.o [9]
wiced_wifi_get_mac_address
                        0x0802fc83    0x4e  Code  Gb  wwd_wifi.o [9]
wiced_wifi_get_pmk      0x0802fe1d    0x86  Code  Gb  wwd_wifi.o [9]
wiced_wifi_get_rssi     0x08030089    0x4c  Code  Gb  wwd_wifi.o [9]
wiced_wifi_get_wifi_version
                        0x08030457    0x52  Code  Gb  wwd_wifi.o [9]
wiced_wifi_is_packet_from_ap
                        0x0803a199     0xe  Code  Gb  wwd_ap.o [9]
wiced_wifi_is_ready_to_transceive
                        0x0802fd0d    0x70  Code  Gb  wwd_wifi.o [9]
wiced_wifi_join         0x0802f4bf   0x108  Code  Gb  wwd_wifi.o [9]
wiced_wifi_join_specific
                        0x0802f5c7   0x194  Code  Gb  wwd_wifi.o [9]
wiced_wifi_leave        0x0802faf1    0x66  Code  Gb  wwd_wifi.o [9]
wiced_wifi_prepare_join
                        0x0802f75b   0x396  Code  Lc  wwd_wifi.o [9]
wiced_wifi_register_multicast_address
                        0x0802fea3    0xd0  Code  Gb  wwd_wifi.o [9]
wiced_wifi_remove_packet_filter
                        0x08030311    0x2e  Code  Gb  wwd_wifi.o [9]
wiced_wifi_scan         0x0802f029   0x12c  Code  Gb  wwd_wifi.o [9]
wiced_wifi_scan_networks
                        0x0802a9cd   0x11c  Code  Gb  wifi.o [9]
wiced_wifi_set_channel  0x08030207     0xc  Code  Gb  wwd_wifi.o [9]
wiced_wifi_set_down     0x08030199    0x20  Code  Gb  wwd_wifi.o [9]
wiced_wifi_set_maxassoc
                        0x080304a9    0x2c  Code  Gb  wwd_wifi.o [9]
wiced_wifi_set_nmode    0x0802fcd9    0x2e  Code  Gb  wwd_wifi.o [9]
wiced_wifi_sleep_flag   0x2000ac14     0x4  Data  Lc  wwd_ap.o [9]
wiced_wifi_start_ap     0x08039d43   0x332  Code  Gb  wwd_ap.o [9]
wiced_wifi_stop_ap      0x0803a079    0xea  Code  Gb  wwd_ap.o [9]
wiced_wifi_stop_scan    0x0802f155    0x58  Code  Gb  wwd_wifi.o [9]
wiced_wifi_toggle_packet_filter
                        0x0803034b    0x32  Code  Gb  wwd_wifi.o [9]
wiced_wifi_unregister_multicast_address
                        0x0802ff73    0xf0  Code  Gb  wwd_wifi.o [9]
wiced_wlan_status       0x200008a0     0xc  Data  Gb  wwd_internal.o [9]
wiced_write_backplane_value
                        0x0803e88b    0x32  Code  Gb  wwd_bus_protocol.o [9]
wiced_write_register_value
                        0x0803e8f3    0x1e  Code  Gb  wwd_bus_protocol.o [9]
wiced_write_wifi_firmware_image
                        0x0804b1bd    0xbe  Code  Gb  wwd_firmware.o [9]
wiced_write_wifi_nvram_image
                        0x0804b27b   0x160  Code  Gb  wwd_firmware.o [9]
wifi_control_pins       0x0805cd64    0x10  Data  Gb  platform.o [1]
wifi_join_aping         0x2000ac6c     0x1  Data  Lc  wwd_wifi.o [9]
wifi_mgmt_parse         0x08032781   0x10e  Code  Lc  smart_config.o [9]
wifi_nvram_image        0x0805cdac   0x30c  Data  Lc  wwd_firmware.o [9]
wifi_power_down         0x0802601d    0x26  Code  Gb  mxchipWNET.o [9]
wifi_power_is_down      0x2000aa0c     0x4  Data  Lc  mxchipWNET.o [9]
wifi_reboot_event       0x08021a89    0x16  Code  Gb  mico_system_notification.o [1]
wifi_reboot_only        0x0802c1f9    0x34  Code  Gb  wifimgr.o [9]
wifi_sdio_pins          0x0805cd74    0x38  Data  Gb  platform.o [1]
wifi_status_callback    0x08025b37    0x74  Code  Gb  mxchipWNET.o [9]
wifi_up                 0x2000a9f4     0x4  Data  Lc  tftp_ota.o [1]
wifidebug_Command       0x0802c929    0x70  Code  Gb  wifimgr.o [9]
wifimgr_debug_enable    0x0802ad89    0x1c  Code  Gb  wifimgr.o [9]
wifimgr_sem             0x2000aa3c     0x4  Data  Lc  wifimgr.o [9]
wifimgr_thread          0x0802c361   0x148  Code  Lc  wifimgr.o [9]
wifiscan_Command        0x0802c9e5   0x268  Code  Gb  wifimgr.o [9]
wifistate_Command       0x0802c745   0x1da  Code  Gb  wifimgr.o [9]
wlan_disconnect         0x0802b719    0x48  Code  Gb  wifimgr.o [9]
wlan_driver_version     0x080260cd     0xa  Code  Gb  mxchipWNET.o [9]
wlan_get_mac_address    0x0802c0af     0x8  Code  Gb  wifimgr.o [9]
wlan_init               0x0802c1cd    0x28  Code  Gb  wifimgr.o [9]
wlan_notify_irq         0x0803ee63    0x22  Code  Gb  wwd_thread.o [9]
wlu_is_ali_ie           0x08031b8b    0x36  Code  Lc  smart_config.o [9]
wlu_is_wpa_ie           0x08030421    0x36  Code  Lc  wwd_wifi.o [9]
wlu_parse_tlvs          0x08031b65    0x26  Code  Lc  smart_config.o [9]
wlu_parse_tlvs          0x080303fb    0x26  Code  Lc  wwd_wifi.o [9]
work_mode               0x2000ab58     0x4  Data  Lc  smart_config.o [9]
worker_thread_main      0x080255af    0x1c  Code  Lc  wiced_rtos.o [9]
wps_running             0x2000ac67     0x1  Data  Lc  wps_host.o [9]
write                   0x08025ef7     0xa  Code  Gb  mxchipWNET.o [9]
wwd_management_set_event_handler
                        0x0803a9eb   0x18a  Code  Gb  SDPCM.o [9]
wwd_thread_line         0x2000aaa8     0x4  Data  Gb  wwd_thread.o [9]
wwd_wifi_get_channel    0x080301c9    0x3e  Code  Gb  wwd_wifi.o [9]
wwd_wifi_set_channel    0x08030213    0x62  Code  Gb  wwd_wifi.o [9]
xActiveTimerList1       0x2000a7e8    0x14  Data  Lc  ostimers.o [9]
xActiveTimerList2       0x2000a7fc    0x14  Data  Lc  ostimers.o [9]
xDelayedTaskList1       0x2000a810    0x14  Data  Lc  tasks.o [9]
xDelayedTaskList2       0x2000a824    0x14  Data  Lc  tasks.o [9]
xMissedYield            0x2000aafc     0x4  Data  Lc  tasks.o [9]
xNextTaskUnblockTime    0x20000900     0x4  Data  Lc  tasks.o [9]
xNumOfOverflows         0x2000ab00     0x4  Data  Lc  tasks.o [9]
xPendingReadyList       0x2000a838    0x14  Data  Lc  tasks.o [9]
xPortPendSVHandler      0x0802383b          Code  Gb  portasm.o [9]
xPortStartScheduler     0x08021893    0x3c  Code  Gb  port.o [9]
xPortSysTickHandler     0x08021905    0x1a  Code  Gb  port.o [9]
xQueueCreateCountingSemaphore
                        0x0801b58d    0x14  Code  Gb  queue.o [9]
xQueueCreateMutex       0x0801b531    0x5c  Code  Gb  queue.o [9]
xQueueGenericCreate     0x0801b4b3    0x7e  Code  Gb  queue.o [9]
xQueueGenericReceive    0x0801b6cb   0x156  Code  Gb  queue.o [9]
xQueueGenericSend       0x0801b5a1    0xd4  Code  Gb  queue.o [9]
xQueueGenericSendFromISR
                        0x0801b675    0x56  Code  Gb  queue.o [9]
xSchedulerRunning       0x2000aaf0     0x4  Data  Lc  tasks.o [9]
xSuspendedTaskList      0x2000a860    0x14  Data  Lc  tasks.o [9]
xTaskCheckForTimeOut    0x080213f3    0x60  Code  Gb  tasks.o [9]
xTaskForceAwakeClearPending
                        0x08020f71     0xc  Code  Gb  tasks.o [9]
xTaskForceAwakePending  0x08020f67     0xa  Code  Gb  tasks.o [9]
xTaskGenericCreate      0x08020cc9   0x130  Code  Gb  tasks.o [9]
xTaskGetCurrentTaskHandle
                        0x08021753     0x6  Code  Gb  tasks.o [9]
xTaskGetCurrentThread   0x08020f13     0x8  Code  Gb  tasks.o [9]
xTaskGetSchedulerState  0x08021759    0x1c  Code  Gb  tasks.o [9]
xTaskGetTickCount       0x080210ab    0x14  Code  Gb  tasks.o [9]
xTaskGetTickCountFromISR
                        0x080210bf    0x16  Code  Gb  tasks.o [9]
xTaskIsTaskFinished     0x08020ea3    0x70  Code  Gb  tasks.o [9]
xTaskRemoveFromEventList
                        0x08021381    0x62  Code  Gb  tasks.o [9]
xTaskResumeAll          0x08020fd9    0xd2  Code  Gb  tasks.o [9]
xTasksWaitingTermination
                        0x2000a84c    0x14  Data  Lc  tasks.o [9]
xTickCount              0x2000aae4     0x4  Data  Lc  tasks.o [9]
xTimerCreate            0x08024ac7    0x4c  Code  Gb  ostimers.o [9]
xTimerCreateTimerTask   0x08024a8d    0x3a  Code  Gb  ostimers.o [9]
xTimerGenericCommand    0x08024b13    0x52  Code  Gb  ostimers.o [9]
xTimerQueue             0x2000aac8     0x4  Data  Lc  ostimers.o [9]
xorbuf                  0x08018faf    0x32  Code  Lc  aes.o [9]
xorbuf                  0x08018967    0x32  Code  Lc  des3.o [9]


[1] = E:\VW_Project\MICO\SDK_MiCO_v2.4.0\Build\demo\MiCOKit-3165\obj_EWARM
[2] = E:\VW_Project\MICO\SDK_MiCO_v2.4.0\MICO\system\tftp_ota
[3] = command line
[4] = MicoDriverMFiAuth.a
[5] = dl7M_tlf.a
[6] = libMFiWAC.a
[7] = libairkiss.a
[8] = m7M_tlv.a
[9] = mxchipWNet_cm4f_sdio.a
[10] = rt7M_tl.a
[11] = shb_l.a

  319 930 bytes of readonly  code memory
   33 399 bytes of readonly  data memory
  130 679 bytes of readwrite data memory

Errors: none
Warnings: 1
